Archive member included to satisfy reference by file (symbol)

PCF8575/libPCF8575.a(PCF8575.c.obj)
                              CMakeFiles/pcf8575test.dir/test.c.obj (PCF8575_init)
f:/pico/gcc-arm-none-eabi/bin/../lib/gcc/arm-none-eabi/10.3.1/thumb/v6-m/nofp\libgcc.a(_dvmd_tls.o)
                              CMakeFiles/pcf8575test.dir/F_/PICO/pico-sdk/src/rp2_common/pico_divider/divider.S.obj (__aeabi_idiv0)
f:/pico/gcc-arm-none-eabi/bin/../lib/gcc/arm-none-eabi/10.3.1/../../../../arm-none-eabi/lib/thumb/v6-m/nofp\libg.a(lib_a-calloc.o)
                              CMakeFiles/pcf8575test.dir/F_/PICO/pico-sdk/src/rp2_common/pico_malloc/pico_malloc.c.obj (calloc)
f:/pico/gcc-arm-none-eabi/bin/../lib/gcc/arm-none-eabi/10.3.1/../../../../arm-none-eabi/lib/thumb/v6-m/nofp\libg.a(lib_a-callocr.o)
                              f:/pico/gcc-arm-none-eabi/bin/../lib/gcc/arm-none-eabi/10.3.1/../../../../arm-none-eabi/lib/thumb/v6-m/nofp\libg.a(lib_a-calloc.o) (_calloc_r)
f:/pico/gcc-arm-none-eabi/bin/../lib/gcc/arm-none-eabi/10.3.1/../../../../arm-none-eabi/lib/thumb/v6-m/nofp\libg.a(lib_a-errno.o)
                              f:/pico/gcc-arm-none-eabi/bin/../lib/gcc/arm-none-eabi/10.3.1/../../../../arm-none-eabi/lib/thumb/v6-m/nofp\libg.a(lib_a-callocr.o) (__errno)
f:/pico/gcc-arm-none-eabi/bin/../lib/gcc/arm-none-eabi/10.3.1/../../../../arm-none-eabi/lib/thumb/v6-m/nofp\libg.a(lib_a-impure.o)
                              f:/pico/gcc-arm-none-eabi/bin/../lib/gcc/arm-none-eabi/10.3.1/../../../../arm-none-eabi/lib/thumb/v6-m/nofp\libg.a(lib_a-calloc.o) (_impure_ptr)
f:/pico/gcc-arm-none-eabi/bin/../lib/gcc/arm-none-eabi/10.3.1/../../../../arm-none-eabi/lib/thumb/v6-m/nofp\libg.a(lib_a-init.o)
                              f:/pico/gcc-arm-none-eabi/bin/../lib/gcc/arm-none-eabi/10.3.1/../../../../arm-none-eabi/lib/thumb/v6-m/nofp/crt0.o (__libc_init_array)
f:/pico/gcc-arm-none-eabi/bin/../lib/gcc/arm-none-eabi/10.3.1/../../../../arm-none-eabi/lib/thumb/v6-m/nofp\libg.a(lib_a-malloc.o)
                              CMakeFiles/pcf8575test.dir/F_/PICO/pico-sdk/src/rp2_common/pico_malloc/pico_malloc.c.obj (malloc)
f:/pico/gcc-arm-none-eabi/bin/../lib/gcc/arm-none-eabi/10.3.1/../../../../arm-none-eabi/lib/thumb/v6-m/nofp\libg.a(lib_a-mallocr.o)
                              f:/pico/gcc-arm-none-eabi/bin/../lib/gcc/arm-none-eabi/10.3.1/../../../../arm-none-eabi/lib/thumb/v6-m/nofp\libg.a(lib_a-callocr.o) (_malloc_r)
f:/pico/gcc-arm-none-eabi/bin/../lib/gcc/arm-none-eabi/10.3.1/../../../../arm-none-eabi/lib/thumb/v6-m/nofp\libg.a(lib_a-mlock.o)
                              f:/pico/gcc-arm-none-eabi/bin/../lib/gcc/arm-none-eabi/10.3.1/../../../../arm-none-eabi/lib/thumb/v6-m/nofp\libg.a(lib_a-mallocr.o) (__malloc_lock)
f:/pico/gcc-arm-none-eabi/bin/../lib/gcc/arm-none-eabi/10.3.1/../../../../arm-none-eabi/lib/thumb/v6-m/nofp\libg.a(lib_a-realloc.o)
                              CMakeFiles/pcf8575test.dir/F_/PICO/pico-sdk/src/rp2_common/pico_malloc/pico_malloc.c.obj (realloc)
f:/pico/gcc-arm-none-eabi/bin/../lib/gcc/arm-none-eabi/10.3.1/../../../../arm-none-eabi/lib/thumb/v6-m/nofp\libg.a(lib_a-reallocr.o)
                              f:/pico/gcc-arm-none-eabi/bin/../lib/gcc/arm-none-eabi/10.3.1/../../../../arm-none-eabi/lib/thumb/v6-m/nofp\libg.a(lib_a-realloc.o) (_realloc_r)
f:/pico/gcc-arm-none-eabi/bin/../lib/gcc/arm-none-eabi/10.3.1/../../../../arm-none-eabi/lib/thumb/v6-m/nofp\libg.a(lib_a-sbrkr.o)
                              f:/pico/gcc-arm-none-eabi/bin/../lib/gcc/arm-none-eabi/10.3.1/../../../../arm-none-eabi/lib/thumb/v6-m/nofp\libg.a(lib_a-mallocr.o) (_sbrk_r)
f:/pico/gcc-arm-none-eabi/bin/../lib/gcc/arm-none-eabi/10.3.1/../../../../arm-none-eabi/lib/thumb/v6-m/nofp\libg.a(lib_a-strlen-stub.o)
                              CMakeFiles/pcf8575test.dir/F_/PICO/pico-sdk/src/rp2_common/pico_stdio/stdio.c.obj (strlen)
f:/pico/gcc-arm-none-eabi/bin/../lib/gcc/arm-none-eabi/10.3.1/../../../../arm-none-eabi/lib/thumb/v6-m/nofp\libg.a(lib_a-freer.o)
                              f:/pico/gcc-arm-none-eabi/bin/../lib/gcc/arm-none-eabi/10.3.1/../../../../arm-none-eabi/lib/thumb/v6-m/nofp\libg.a(lib_a-malloc.o) (_free_r)
f:/pico/gcc-arm-none-eabi/bin/../lib/gcc/arm-none-eabi/10.3.1/../../../../arm-none-eabi/lib/thumb/v6-m/nofp\libg.a(lib_a-lock.o)
                              f:/pico/gcc-arm-none-eabi/bin/../lib/gcc/arm-none-eabi/10.3.1/../../../../arm-none-eabi/lib/thumb/v6-m/nofp\libg.a(lib_a-mlock.o) (__retarget_lock_acquire_recursive)
f:/pico/gcc-arm-none-eabi/bin/../lib/gcc/arm-none-eabi/10.3.1/../../../../arm-none-eabi/lib/thumb/v6-m/nofp\libg.a(lib_a-memmove.o)
                              f:/pico/gcc-arm-none-eabi/bin/../lib/gcc/arm-none-eabi/10.3.1/../../../../arm-none-eabi/lib/thumb/v6-m/nofp\libg.a(lib_a-reallocr.o) (memmove)
f:/pico/gcc-arm-none-eabi/bin/../lib/gcc/arm-none-eabi/10.3.1/../../../../arm-none-eabi/lib/thumb/v6-m/nofp\libg.a(lib_a-reent.o)
[...]
Memory Configuration

Name             Origin             Length             Attributes
FLASH            0x10000000         0x00200000         xr
RAM              0x20000000         0x00040000         xrw
SCRATCH_X        0x20040000         0x00001000         xrw
SCRATCH_Y        0x20041000         0x00001000         xrw
*default*        0x00000000         0xffffffff

Linker script and memory map

LOAD f:/pico/gcc-arm-none-eabi/bin/../lib/gcc/arm-none-eabi/10.3.1/thumb/v6-m/nofp/crti.o
LOAD f:/pico/gcc-arm-none-eabi/bin/../lib/gcc/arm-none-eabi/10.3.1/thumb/v6-m/nofp/crtbegin.o
LOAD f:/pico/gcc-arm-none-eabi/bin/../lib/gcc/arm-none-eabi/10.3.1/../../../../arm-none-eabi/lib/thumb/v6-m/nofp/crt0.o

.flash_begin    0x10000000        0x0
                0x10000000                __flash_binary_start = .

.boot2          0x10000000      0x100
                0x10000000                __boot2_start__ = .
 *(.boot2)
 .boot2         0x10000000      0x100 C:\Users\LiuZS\AppData\Local\Temp\ccaHLRhb.o
                0x10000100                __boot2_end__ = .
                0x00000001                ASSERT (((__boot2_end__ - __boot2_start__) == 0x100), ERROR: Pico second stage bootloader must be 256 bytes in size)

.text           0x10000100     0x7448
                0x10000100                __logical_binary_start = .
 *(.vectors)
 .vectors       0x10000100       0xd4 CMakeFiles/pcf8575test.dir/F_/PICO/pico-sdk/src/rp2_common/pico_standard_link/crt0.S.obj
                0x10000100                __VECTOR_TABLE
                0x10000100                __vectors
                0x100001c0                isr_invalid
                0x100001c0                __default_isrs_start
                0x100001c2                isr_nmi
                0x100001c4                isr_hardfault
                0x100001c6                isr_svcall
                0x100001c8                isr_pendsv
                0x100001ca                isr_systick
                0x100001cc                isr_irq23
                0x100001cc                isr_irq18
                0x100001cc                isr_irq11
                0x100001cc                isr_irq28
                0x100001cc                isr_irq19
                0x100001cc                isr_irq0
                0x100001cc                isr_irq6
                0x100001cc                isr_irq5
                0x100001cc                isr_irq12
                0x100001cc                isr_irq22
                0x100001cc                isr_irq31
                0x100001cc                isr_irq17
                0x100001cc                isr_irq27
                0x100001cc                isr_irq30
                0x100001cc                isr_irq2
                0x100001cc                isr_irq10
                0x100001cc                isr_irq8
                0x100001cc                isr_irq24
                0x100001cc                isr_irq1
                0x100001cc                isr_irq7
                0x100001cc                isr_irq21
                0x100001cc                isr_irq20
                0x100001cc                isr_irq15
                0x100001cc                isr_irq25
                0x100001cc                isr_irq13
                0x100001cc                __unhandled_user_irq
                0x100001cc                isr_irq4
                0x100001cc                isr_irq16
                0x100001cc                isr_irq29
                0x100001cc                isr_irq26
                0x100001cc                __default_isrs_end
                0x100001cc                isr_irq3
                0x100001cc                isr_irq14
                0x100001cc                isr_irq9
                0x100001d2                unhandled_user_irq_num_in_r0
 *(.binary_info_header)
 .binary_info_header
                0x100001d4       0x14 CMakeFiles/pcf8575test.dir/F_/PICO/pico-sdk/src/rp2_common/pico_standard_link/crt0.S.obj
                0x100001e8                __binary_info_header_end = .
 *(.reset)
 .reset         0x100001e8       0xa0 CMakeFiles/pcf8575test.dir/F_/PICO/pico-sdk/src/rp2_common/pico_standard_link/crt0.S.obj
                0x100001e8                _entry_point
 .reset         0x10000288       0x30 CMakeFiles/pcf8575test.dir/F_/PICO/pico-sdk/src/rp2_common/pico_standard_link/binary_info.c.obj
 *(.init)
 .init          0x100002b8        0x4 f:/pico/gcc-arm-none-eabi/bin/../lib/gcc/arm-none-eabi/10.3.1/thumb/v6-m/nofp/crti.o
                0x100002b8                _init
 *(EXCLUDE_FILE(*libm.a: *libc.a:*lib_a-mem*.o *libgcc.a:) .text*)
 .text          0x100002bc       0x48 f:/pico/gcc-arm-none-eabi/bin/../lib/gcc/arm-none-eabi/10.3.1/thumb/v6-m/nofp/crtbegin.o
 .text.reserved_addr
                0x10000304       0x1a CMakeFiles/pcf8575test.dir/test.c.obj
                0x10000304                reserved_addr
 *fill*         0x1000031e        0x2 
 .text.bus_scan
                0x10000320       0xa0 CMakeFiles/pcf8575test.dir/test.c.obj
                0x10000320                bus_scan
 .text.main     0x100003c0      0x11c CMakeFiles/pcf8575test.dir/test.c.obj
                0x100003c0                main
 .text.gpio_set_function
                0x100004dc       0x30 CMakeFiles/pcf8575test.dir/F_/PICO/pico-sdk/src/rp2_common/hardware_gpio/gpio.c.obj
                0x100004dc                gpio_set_function
 .text.gpio_set_pulls
                0x1000050c       0x34 CMakeFiles/pcf8575test.dir/F_/PICO/pico-sdk/src/rp2_common/hardware_gpio/gpio.c.obj
                0x1000050c                gpio_set_pulls
 .text.gpio_init
                0x10000540       0x16 CMakeFiles/pcf8575test.dir/F_/PICO/pico-sdk/src/rp2_common/hardware_gpio/gpio.c.obj
                0x10000540                gpio_init
 *fill*         0x10000556        0x2 
 .text.running_on_fpga
                0x10000558       0x14 CMakeFiles/pcf8575test.dir/F_/PICO/pico-sdk/src/rp2_common/pico_platform/platform.c.obj
                0x10000558                running_on_fpga
 .text.hw_claim_lock
                0x1000056c       0x18 CMakeFiles/pcf8575test.dir/F_/PICO/pico-sdk/src/rp2_common/hardware_claim/claim.c.obj
                0x1000056c                hw_claim_lock
 .text.hw_claim_unlock
                0x10000584       0x14 CMakeFiles/pcf8575test.dir/F_/PICO/pico-sdk/src/rp2_common/hardware_claim/claim.c.obj
                0x10000584                hw_claim_unlock
 .text.hw_claim_or_assert
                0x10000598       0x32 CMakeFiles/pcf8575test.dir/F_/PICO/pico-sdk/src/rp2_common/hardware_claim/claim.c.obj
                0x10000598                hw_claim_or_assert
 .text.hw_claim_unused_from_range
                0x100005ca       0x50 CMakeFiles/pcf8575test.dir/F_/PICO/pico-sdk/src/rp2_common/hardware_claim/claim.c.obj
                0x100005ca                hw_claim_unused_from_range
 *fill*         0x1000061a        0x2 
 .text.spin_locks_reset
                0x1000061c       0x20 CMakeFiles/pcf8575test.dir/F_/PICO/pico-sdk/src/rp2_common/hardware_sync/sync.c.obj
                0x1000061c                spin_locks_reset
 .text.next_striped_spin_lock_num
                0x1000063c       0x1c CMakeFiles/pcf8575test.dir/F_/PICO/pico-sdk/src/rp2_common/hardware_sync/sync.c.obj
                0x1000063c                next_striped_spin_lock_num
 .text.spin_lock_claim_unused
                0x10000658       0x20 CMakeFiles/pcf8575test.dir/F_/PICO/pico-sdk/src/rp2_common/hardware_sync/sync.c.obj
                0x10000658                spin_lock_claim_unused
 .text.set_raw_irq_handler_and_unlock
                0x10000678       0x28 CMakeFiles/pcf8575test.dir/F_/PICO/pico-sdk/src/rp2_common/hardware_irq/irq.c.obj
 .text.make_branch
                0x100006a0       0x48 CMakeFiles/pcf8575test.dir/F_/PICO/pico-sdk/src/rp2_common/hardware_irq/irq.c.obj
 .text.insert_branch_and_link
                0x100006e8       0x40 CMakeFiles/pcf8575test.dir/F_/PICO/pico-sdk/src/rp2_common/hardware_irq/irq.c.obj
 .text.irq_is_enabled
                0x10000728       0x18 CMakeFiles/pcf8575test.dir/F_/PICO/pico-sdk/src/rp2_common/hardware_irq/irq.c.obj
                0x10000728                irq_is_enabled
 .text.irq_set_mask_enabled
                0x10000740       0x20 CMakeFiles/pcf8575test.dir/F_/PICO/pico-sdk/src/rp2_common/hardware_irq/irq.c.obj
                0x10000740                irq_set_mask_enabled
 .text.irq_set_enabled
                0x10000760        0xe CMakeFiles/pcf8575test.dir/F_/PICO/pico-sdk/src/rp2_common/hardware_irq/irq.c.obj
                0x10000760                irq_set_enabled
 *fill*         0x1000076e        0x2 
 .text.irq_set_pending
                0x10000770       0x10 CMakeFiles/pcf8575test.dir/F_/PICO/pico-sdk/src/rp2_common/hardware_irq/irq.c.obj
                0x10000770                irq_set_pending
 .text.irq_get_vtable_handler
                0x10000780       0x10 CMakeFiles/pcf8575test.dir/F_/PICO/pico-sdk/src/rp2_common/hardware_irq/irq.c.obj
                0x10000780                irq_get_vtable_handler
 .text.irq_has_shared_handler
                0x10000790       0x24 CMakeFiles/pcf8575test.dir/F_/PICO/pico-sdk/src/rp2_common/hardware_irq/irq.c.obj
                0x10000790                irq_has_shared_handler
 .text.irq_set_exclusive_handler
                0x100007b4       0x54 CMakeFiles/pcf8575test.dir/F_/PICO/pico-sdk/src/rp2_common/hardware_irq/irq.c.obj
                0x100007b4                irq_set_exclusive_handler
 .text.irq_add_shared_handler
                0x10000808      0x234 CMakeFiles/pcf8575test.dir/F_/PICO/pico-sdk/src/rp2_common/hardware_irq/irq.c.obj
                0x10000808                irq_add_shared_handler
 .text.irq_remove_handler
                0x10000a3c      0x1ac CMakeFiles/pcf8575test.dir/F_/PICO/pico-sdk/src/rp2_common/hardware_irq/irq.c.obj
                0x10000a3c                irq_remove_handler
 .text.irq_add_tail_to_free_list
                0x10000be8       0xf0 CMakeFiles/pcf8575test.dir/F_/PICO/pico-sdk/src/rp2_common/hardware_irq/irq.c.obj
                0x10000be8                irq_add_tail_to_free_list
 .text.irq_init_priorities
                0x10000cd8       0x1c CMakeFiles/pcf8575test.dir/F_/PICO/pico-sdk/src/rp2_common/hardware_irq/irq.c.obj
                0x10000cd8                irq_init_priorities
 .text.user_irq_claim_unused
                0x10000cf4       0x28 CMakeFiles/pcf8575test.dir/F_/PICO/pico-sdk/src/rp2_common/hardware_irq/irq.c.obj
                0x10000cf4                user_irq_claim_unused
 .text.lock_init
                0x10000d1c       0x10 CMakeFiles/pcf8575test.dir/F_/PICO/pico-sdk/src/common/pico_sync/lock_core.c.obj
                0x10000d1c                lock_init
 .text.mutex_init
                0x10000d2c       0x1a CMakeFiles/pcf8575test.dir/F_/PICO/pico-sdk/src/common/pico_sync/mutex.c.obj
                0x10000d2c                mutex_init
 .text.recursive_mutex_init
                0x10000d46       0x1e CMakeFiles/pcf8575test.dir/F_/PICO/pico-sdk/src/common/pico_sync/mutex.c.obj
                0x10000d46                recursive_mutex_init
 .text.critical_section_init_with_lock_num
                0x10000d64       0x14 CMakeFiles/pcf8575test.dir/F_/PICO/pico-sdk/src/common/pico_sync/critical_section.c.obj
                0x10000d64                critical_section_init_with_lock_num
 .text.critical_section_init
                0x10000d78       0x14 CMakeFiles/pcf8575test.dir/F_/PICO/pico-sdk/src/common/pico_sync/critical_section.c.obj
                0x10000d78                critical_section_init
 .text.alarm_pool_post_alloc_init
                0x10000d8c       0x40 CMakeFiles/pcf8575test.dir/F_/PICO/pico-sdk/src/common/pico_time/time.c.obj
 .text.sleep_until_callback
                0x10000dcc       0x30 CMakeFiles/pcf8575test.dir/F_/PICO/pico-sdk/src/common/pico_time/time.c.obj
 .text.timer_pool_entry_comparator
                0x10000dfc       0x7c CMakeFiles/pcf8575test.dir/F_/PICO/pico-sdk/src/common/pico_time/time.c.obj
                0x10000dfc                timer_pool_entry_comparator
 .text.ph_add_child_node
                0x10000e78       0xa4 CMakeFiles/pcf8575test.dir/F_/PICO/pico-sdk/src/common/pico_time/time.c.obj
 .text.ph_merge_nodes
                0x10000f1c       0x3e CMakeFiles/pcf8575test.dir/F_/PICO/pico-sdk/src/common/pico_time/time.c.obj
 *fill*         0x10000f5a        0x2 
 .text.add_alarm_under_lock
                0x10000f5c      0x174 CMakeFiles/pcf8575test.dir/F_/PICO/pico-sdk/src/common/pico_time/time.c.obj
 .text.alarm_pool_alarm_callback
                0x100010d0      0x33c CMakeFiles/pcf8575test.dir/F_/PICO/pico-sdk/src/common/pico_time/time.c.obj
 .text.alarm_pool_init_default
                0x1000140c       0x40 CMakeFiles/pcf8575test.dir/F_/PICO/pico-sdk/src/common/pico_time/time.c.obj
                0x1000140c                alarm_pool_init_default
 .text.alarm_pool_get_default
                0x1000144c       0x2c CMakeFiles/pcf8575test.dir/F_/PICO/pico-sdk/src/common/pico_time/time.c.obj
                0x1000144c                alarm_pool_get_default
 .text.alarm_pool_add_alarm_at
                0x10001478      0x168 CMakeFiles/pcf8575test.dir/F_/PICO/pico-sdk/src/common/pico_time/time.c.obj
                0x10001478                alarm_pool_add_alarm_at
 .text.alarm_pool_cancel_alarm
                0x100015e0       0xf8 CMakeFiles/pcf8575test.dir/F_/PICO/pico-sdk/src/common/pico_time/time.c.obj
                0x100015e0                alarm_pool_cancel_alarm
 .text.alarm_pool_core_num
                0x100016d8        0x4 CMakeFiles/pcf8575test.dir/F_/PICO/pico-sdk/src/common/pico_time/time.c.obj
                0x100016d8                alarm_pool_core_num
 .text.sleep_until
                0x100016dc       0xfc CMakeFiles/pcf8575test.dir/F_/PICO/pico-sdk/src/common/pico_time/time.c.obj
                0x100016dc                sleep_until
 .text.sleep_us
                0x100017d8       0x58 CMakeFiles/pcf8575test.dir/F_/PICO/pico-sdk/src/common/pico_time/time.c.obj
                0x100017d8                sleep_us
 .text.sleep_ms
                0x10001830       0x14 CMakeFiles/pcf8575test.dir/F_/PICO/pico-sdk/src/common/pico_time/time.c.obj
                0x10001830                sleep_ms
 .text.best_effort_wfe_or_timeout
                0x10001844       0xac CMakeFiles/pcf8575test.dir/F_/PICO/pico-sdk/src/common/pico_time/time.c.obj
                0x10001844                best_effort_wfe_or_timeout
 .text.hardware_alarm_irq_handler
                0x100018f0       0x90 CMakeFiles/pcf8575test.dir/F_/PICO/pico-sdk/src/rp2_common/hardware_timer/timer.c.obj
 .text.hardware_alarm_claim
                0x10001980       0x18 CMakeFiles/pcf8575test.dir/F_/PICO/pico-sdk/src/rp2_common/hardware_timer/timer.c.obj
                0x10001980                hardware_alarm_claim
 .text.time_us_64
                0x10001998       0x18 CMakeFiles/pcf8575test.dir/F_/PICO/pico-sdk/src/rp2_common/hardware_timer/timer.c.obj
                0x10001998                time_us_64
 .text.busy_wait_until
                0x100019b0       0x28 CMakeFiles/pcf8575test.dir/F_/PICO/pico-sdk/src/rp2_common/hardware_timer/timer.c.obj
                0x100019b0                busy_wait_until
 .text.busy_wait_us
                0x100019d8       0x48 CMakeFiles/pcf8575test.dir/F_/PICO/pico-sdk/src/rp2_common/hardware_timer/timer.c.obj
                0x100019d8                busy_wait_us
 .text.hardware_alarm_set_callback
                0x10001a20       0x90 CMakeFiles/pcf8575test.dir/F_/PICO/pico-sdk/src/rp2_common/hardware_timer/timer.c.obj
                0x10001a20                hardware_alarm_set_callback
 .text.hardware_alarm_set_target
                0x10001ab0       0xe8 CMakeFiles/pcf8575test.dir/F_/PICO/pico-sdk/src/rp2_common/hardware_timer/timer.c.obj
                0x10001ab0                hardware_alarm_set_target
 .text.hardware_alarm_cancel
                0x10001b98       0x40 CMakeFiles/pcf8575test.dir/F_/PICO/pico-sdk/src/rp2_common/hardware_timer/timer.c.obj
                0x10001b98                hardware_alarm_cancel
 .text.ph_add_child_node
                0x10001bd8       0xa4 CMakeFiles/pcf8575test.dir/F_/PICO/pico-sdk/src/common/pico_util/pheap.c.obj
 .text.ph_merge_nodes
                0x10001c7c       0x3e CMakeFiles/pcf8575test.dir/F_/PICO/pico-sdk/src/common/pico_util/pheap.c.obj
 *fill*         0x10001cba        0x2 
 .text.ph_clear
                0x10001cbc       0x70 CMakeFiles/pcf8575test.dir/F_/PICO/pico-sdk/src/common/pico_util/pheap.c.obj
                0x10001cbc                ph_clear
 .text.ph_post_alloc_init
                0x10001d2c        0xe CMakeFiles/pcf8575test.dir/F_/PICO/pico-sdk/src/common/pico_util/pheap.c.obj
                0x10001d2c                ph_post_alloc_init
 *fill*         0x10001d3a        0x2 
 .text.ph_merge_two_pass
                0x10001d3c       0xa8 CMakeFiles/pcf8575test.dir/F_/PICO/pico-sdk/src/common/pico_util/pheap.c.obj
                0x10001d3c                ph_merge_two_pass
 .text.ph_remove_any_head
                0x10001de4      0x128 CMakeFiles/pcf8575test.dir/F_/PICO/pico-sdk/src/common/pico_util/pheap.c.obj
 .text.ph_remove_head
                0x10001f0c       0x14 CMakeFiles/pcf8575test.dir/F_/PICO/pico-sdk/src/common/pico_util/pheap.c.obj
                0x10001f0c                ph_remove_head
 .text.ph_remove_and_free_node
                0x10001f20       0xf8 CMakeFiles/pcf8575test.dir/F_/PICO/pico-sdk/src/common/pico_util/pheap.c.obj
                0x10001f20                ph_remove_and_free_node
 .text.clock_configure
                0x10002018      0x108 CMakeFiles/pcf8575test.dir/F_/PICO/pico-sdk/src/rp2_common/hardware_clocks/clocks.c.obj
                0x10002018                clock_configure
 .text.clocks_init
                0x10002120      0x100 CMakeFiles/pcf8575test.dir/F_/PICO/pico-sdk/src/rp2_common/hardware_clocks/clocks.c.obj
                0x10002120                clocks_init
 .text.clock_get_hz
                0x10002220        0xc CMakeFiles/pcf8575test.dir/F_/PICO/pico-sdk/src/rp2_common/hardware_clocks/clocks.c.obj
                0x10002220                clock_get_hz
 .text.pll_init
                0x1000222c      0x120 CMakeFiles/pcf8575test.dir/F_/PICO/pico-sdk/src/rp2_common/hardware_pll/pll.c.obj
                0x1000222c                pll_init
 .text.watchdog_start_tick
                0x1000234c       0x10 CMakeFiles/pcf8575test.dir/F_/PICO/pico-sdk/src/rp2_common/hardware_watchdog/watchdog.c.obj
                0x1000234c                watchdog_start_tick
 .text.watchdog_update
                0x1000235c       0x14 CMakeFiles/pcf8575test.dir/F_/PICO/pico-sdk/src/rp2_common/hardware_watchdog/watchdog.c.obj
                0x1000235c                watchdog_update
 .text._watchdog_enable
                0x10002370       0x78 CMakeFiles/pcf8575test.dir/F_/PICO/pico-sdk/src/rp2_common/hardware_watchdog/watchdog.c.obj
                0x10002370                _watchdog_enable
 .text.watchdog_reboot
                0x100023e8       0x48 CMakeFiles/pcf8575test.dir/F_/PICO/pico-sdk/src/rp2_common/hardware_watchdog/watchdog.c.obj
                0x100023e8                watchdog_reboot
 .text.xosc_init
                0x10002430       0x28 CMakeFiles/pcf8575test.dir/F_/PICO/pico-sdk/src/rp2_common/hardware_xosc/xosc.c.obj
                0x10002430                xosc_init
 .text._exit    0x10002458        0x4 CMakeFiles/pcf8575test.dir/F_/PICO/pico-sdk/src/rp2_common/pico_runtime/runtime.c.obj
                0x10002458                _exit
 .text.exit     0x1000245c        0x6 CMakeFiles/pcf8575test.dir/F_/PICO/pico-sdk/src/rp2_common/pico_runtime/runtime.c.obj
                0x1000245c                exit
 *fill*         0x10002462        0x2 
 .text.__assert_func
                0x10002464       0x3c CMakeFiles/pcf8575test.dir/F_/PICO/pico-sdk/src/rp2_common/pico_runtime/runtime.c.obj
                0x10002464                __assert_func
 .text.runtime_init
                0x100024a0       0xf8 CMakeFiles/pcf8575test.dir/F_/PICO/pico-sdk/src/rp2_common/pico_runtime/runtime.c.obj
                0x100024a0                runtime_init
 .text.panic    0x10002598       0x30 CMakeFiles/pcf8575test.dir/F_/PICO/pico-sdk/src/rp2_common/pico_runtime/runtime.c.obj
                0x10002598                panic
 .text._out_null
                0x100025c8        0x2 CMakeFiles/pcf8575test.dir/F_/PICO/pico-sdk/src/rp2_common/pico_printf/printf.c.obj
 .text._out_fct
                0x100025ca        0xe CMakeFiles/pcf8575test.dir/F_/PICO/pico-sdk/src/rp2_common/pico_printf/printf.c.obj
 .text._atoi    0x100025d8       0x24 CMakeFiles/pcf8575test.dir/F_/PICO/pico-sdk/src/rp2_common/pico_printf/printf.c.obj
 .text._out_rev
                0x100025fc       0xae CMakeFiles/pcf8575test.dir/F_/PICO/pico-sdk/src/rp2_common/pico_printf/printf.c.obj
 .text._ntoa_format
                0x100026aa      0x112 CMakeFiles/pcf8575test.dir/F_/PICO/pico-sdk/src/rp2_common/pico_printf/printf.c.obj
 .text._ntoa_long
                0x100027bc       0xbc CMakeFiles/pcf8575test.dir/F_/PICO/pico-sdk/src/rp2_common/pico_printf/printf.c.obj
 .text._ntoa_long_long
                0x10002878       0xe2 CMakeFiles/pcf8575test.dir/F_/PICO/pico-sdk/src/rp2_common/pico_printf/printf.c.obj
 *fill*         0x1000295a        0x2 
 .text._etoa    0x1000295c      0x414 CMakeFiles/pcf8575test.dir/F_/PICO/pico-sdk/src/rp2_common/pico_printf/printf.c.obj
 .text._ftoa    0x10002d70      0x354 CMakeFiles/pcf8575test.dir/F_/PICO/pico-sdk/src/rp2_common/pico_printf/printf.c.obj
 .text._vsnprintf
                0x100030c4      0x624 CMakeFiles/pcf8575test.dir/F_/PICO/pico-sdk/src/rp2_common/pico_printf/printf.c.obj
 .text.vfctprintf
                0x100036e8       0x20 CMakeFiles/pcf8575test.dir/F_/PICO/pico-sdk/src/rp2_common/pico_printf/printf.c.obj
                0x100036e8                vfctprintf
 .text          0x10003708       0x10 CMakeFiles/pcf8575test.dir/F_/PICO/pico-sdk/src/rp2_common/pico_bit_ops/bit_ops_aeabi.S.obj
 .text.rom_func_lookup
                0x10003718       0x10 CMakeFiles/pcf8575test.dir/F_/PICO/pico-sdk/src/rp2_common/pico_bootrom/bootrom.c.obj
                0x10003718                rom_func_lookup
 .text.rom_data_lookup
                0x10003728       0x10 CMakeFiles/pcf8575test.dir/F_/PICO/pico-sdk/src/rp2_common/pico_bootrom/bootrom.c.obj
                0x10003728                rom_data_lookup
 .text.rom_funcs_lookup
                0x10003738       0x36 CMakeFiles/pcf8575test.dir/F_/PICO/pico-sdk/src/rp2_common/pico_bootrom/bootrom.c.obj
                0x10003738                rom_funcs_lookup
 *fill*         0x1000376e        0x2 
 .text.__wrap___aeabi_idiv
                0x10003770       0x50 CMakeFiles/pcf8575test.dir/F_/PICO/pico-sdk/src/rp2_common/pico_divider/divider.S.obj
                0x10003770                __wrap___aeabi_idivmod
                0x10003770                divmod_s32s32
                0x10003770                div_s32s32
                0x10003770                __wrap___aeabi_idiv
                0x10003778                divmod_s32s32_unsafe
                0x100037a4                divmod_s32s32_savestate
 .text.__wrap___aeabi_uidiv
                0x100037c0       0x4c CMakeFiles/pcf8575test.dir/F_/PICO/pico-sdk/src/rp2_common/pico_divider/divider.S.obj
                0x100037c0                __wrap___aeabi_uidiv
                0x100037c0                __wrap___aeabi_uidivmod
                0x100037c0                div_u32u32
                0x100037c0                divmod_u32u32
                0x100037c8                divmod_u32u32_unsafe
                0x100037f0                divmod_u32u32_savestate
 .text.__wrap___aeabi_ldiv
                0x1000380c      0x424 CMakeFiles/pcf8575test.dir/F_/PICO/pico-sdk/src/rp2_common/pico_divider/divider.S.obj
                0x1000380c                div_s64s64
                0x1000380c                divmod_s64s64
                0x1000380c                __wrap___aeabi_ldivmod
                0x1000383c                divmod_u64u64
                0x1000383c                div_u64u64
                0x1000383c                __wrap___aeabi_uldivmod
                0x1000384c                divmod_u64u64_savestate
                0x1000386c                divmod_s64s64_unsafe
                0x100038f4                divmod_u64u64_unsafe
 .text.__wrap___aeabi_darithmetic
                0x10003c30       0x80 CMakeFiles/pcf8575test.dir/F_/PICO/pico-sdk/src/rp2_common/pico_double/double_aeabi.S.obj
                0x10003c30                __wrap___aeabi_drsub
                0x10003c36                __wrap___aeabi_dsub
                0x10003c48                __wrap___aeabi_dadd
                0x10003c5a                __wrap___aeabi_ddiv
                0x10003c96                __wrap___aeabi_dmul
 .text.__wrap___aeabi_cdcmple
                0x10003cb0       0x6c CMakeFiles/pcf8575test.dir/F_/PICO/pico-sdk/src/rp2_common/pico_double/double_aeabi.S.obj
                0x10003cb0                __wrap___aeabi_cdrcmple
                0x10003cc0                __wrap___aeabi_cdcmpeq
                0x10003cc0                __wrap___aeabi_cdcmple
 .text.__wrap___aeabi_dcmplt
                0x10003d1c        0xc CMakeFiles/pcf8575test.dir/F_/PICO/pico-sdk/src/rp2_common/pico_double/double_aeabi.S.obj
                0x10003d1c                __wrap___aeabi_dcmplt
 .text.__wrap___aeabi_dcmple
                0x10003d28       0x10 CMakeFiles/pcf8575test.dir/F_/PICO/pico-sdk/src/rp2_common/pico_double/double_aeabi.S.obj
                0x10003d28                __wrap___aeabi_dcmple
 .text.__wrap___aeabi_dcmpge
                0x10003d38       0x10 CMakeFiles/pcf8575test.dir/F_/PICO/pico-sdk/src/rp2_common/pico_double/double_aeabi.S.obj
                0x10003d38                __wrap___aeabi_dcmpge
 .text.__wrap___aeabi_dcmpgt
                0x10003d48        0xa CMakeFiles/pcf8575test.dir/F_/PICO/pico-sdk/src/rp2_common/pico_double/double_aeabi.S.obj
                0x10003d48                __wrap___aeabi_dcmpgt
 .text.__wrap___aeabi_dcmpun
                0x10003d52       0x1c CMakeFiles/pcf8575test.dir/F_/PICO/pico-sdk/src/rp2_common/pico_double/double_aeabi.S.obj
                0x10003d52                __wrap___aeabi_dcmpun
 *fill*         0x10003d6e        0x2 
 .text.__wrap___aeabi_i2d
                0x10003d70       0x38 CMakeFiles/pcf8575test.dir/F_/PICO/pico-sdk/src/rp2_common/pico_double/double_aeabi.S.obj
                0x10003d70                __wrap___aeabi_ui2d
                0x10003d78                __wrap___aeabi_i2d
 .text.__wrap___aeabi_d2iz
                0x10003da8       0x48 CMakeFiles/pcf8575test.dir/F_/PICO/pico-sdk/src/rp2_common/pico_double/double_aeabi.S.obj
                0x10003da8                double2int_z
                0x10003da8                __wrap___aeabi_d2iz
 .text.__wrap___aeabi_d2uiz
                0x10003df0       0x18 CMakeFiles/pcf8575test.dir/F_/PICO/pico-sdk/src/rp2_common/pico_double/double_aeabi.S.obj
                0x10003df0                __wrap___aeabi_d2uiz
                0x10003df0                double2uint
 .text.__aeabi_double_init
                0x10003e08       0xc8 CMakeFiles/pcf8575test.dir/F_/PICO/pico-sdk/src/rp2_common/pico_double/double_init_rom.c.obj
                0x10003e08                __aeabi_double_init
 .text.double_table_shim_on_use_helper
                0x10003ed0       0x34 CMakeFiles/pcf8575test.dir/F_/PICO/pico-sdk/src/rp2_common/pico_double/double_v1_rom_shim.S.obj
                0x10003ed0                double_table_shim_on_use_helper
 .text.__wrap___aeabi_dsub
                0x10003f04       0x10 CMakeFiles/pcf8575test.dir/F_/PICO/pico-sdk/src/rp2_common/pico_double/double_v1_rom_shim.S.obj
                0x10003f04                drsub_shim
                0x10003f0a                dsub_shim
 .text.dadd_shim
                0x10003f14      0x15c CMakeFiles/pcf8575test.dir/F_/PICO/pico-sdk/src/rp2_common/pico_double/double_v1_rom_shim.S.obj
                0x10003f14                dadd_shim
 .text.dmul_shim
                0x10004070      0x15c CMakeFiles/pcf8575test.dir/F_/PICO/pico-sdk/src/rp2_common/pico_double/double_v1_rom_shim.S.obj
                0x10004070                dmul_shim
 .text.ddiv_shim
                0x100041cc      0x1b0 CMakeFiles/pcf8575test.dir/F_/PICO/pico-sdk/src/rp2_common/pico_double/double_v1_rom_shim.S.obj
                0x100041cc                ddiv_shim
 .text.double2uint_shim
                0x1000437c        0xe CMakeFiles/pcf8575test.dir/F_/PICO/pico-sdk/src/rp2_common/pico_double/double_v1_rom_shim.S.obj
                0x1000437c                double2uint_shim
                0x1000437e                double2ufix_shim
 *fill*         0x1000438a        0x2 
 .text.double2uint64_shim
                0x1000438c       0x70 CMakeFiles/pcf8575test.dir/F_/PICO/pico-sdk/src/rp2_common/pico_double/double_v1_rom_shim.S.obj
                0x1000438c                double2uint64_shim
                0x1000438e                double2ufix64_shim
                0x100043ae                d2fix_a
 .text.dunpacks
                0x100043fc       0x3c CMakeFiles/pcf8575test.dir/F_/PICO/pico-sdk/src/rp2_common/pico_double/double_v1_rom_shim.S.obj
                0x100043fc                dunpacks
 .text.__aeabi_lmul
                0x10004438       0x32 CMakeFiles/pcf8575test.dir/F_/PICO/pico-sdk/src/rp2_common/pico_int64_ops/pico_int64_ops_aeabi.S.obj
                0x10004438                __wrap___aeabi_lmul
 *fill*         0x1000446a        0x2 
 .text.__aeabi_float_init
                0x1000446c       0xfc CMakeFiles/pcf8575test.dir/F_/PICO/pico-sdk/src/rp2_common/pico_float/float_init_rom.c.obj
                0x1000446c                __aeabi_float_init
 .text.float_table_shim_on_use_helper
                0x10004568       0x34 CMakeFiles/pcf8575test.dir/F_/PICO/pico-sdk/src/rp2_common/pico_float/float_v1_rom_shim.S.obj
                0x10004568                float_table_shim_on_use_helper
 .text          0x1000459c       0x10 CMakeFiles/pcf8575test.dir/F_/PICO/pico-sdk/src/rp2_common/pico_mem_ops/mem_ops_aeabi.S.obj
                0x1000459c                __aeabi_mem_init
 .text.memset   0x100045ac        0xc CMakeFiles/pcf8575test.dir/F_/PICO/pico-sdk/src/rp2_common/pico_mem_ops/mem_ops_aeabi.S.obj
                0x100045ac                __wrap_memset
 .text.memcpy   0x100045b8        0xc CMakeFiles/pcf8575test.dir/F_/PICO/pico-sdk/src/rp2_common/pico_mem_ops/mem_ops_aeabi.S.obj
                0x100045b8                __wrap_memcpy
                0x100045b8                __wrap___aeabi_memcpy
 .text.stdio_out_chars_no_crlf
                0x100045c4        0xe CMakeFiles/pcf8575test.dir/F_/PICO/pico-sdk/src/rp2_common/pico_stdio/stdio.c.obj
 *fill*         0x100045d2        0x2 
 .text.stdio_out_chars_crlf
                0x100045d4       0x80 CMakeFiles/pcf8575test.dir/F_/PICO/pico-sdk/src/rp2_common/pico_stdio/stdio.c.obj
 .text.stdio_stack_buffer_flush
                0x10004654       0x44 CMakeFiles/pcf8575test.dir/F_/PICO/pico-sdk/src/rp2_common/pico_stdio/stdio.c.obj
 .text.stdio_buffered_printer
                0x10004698       0x20 CMakeFiles/pcf8575test.dir/F_/PICO/pico-sdk/src/rp2_common/pico_stdio/stdio.c.obj
 .text.stdio_get_until
                0x100046b8       0x80 CMakeFiles/pcf8575test.dir/F_/PICO/pico-sdk/src/rp2_common/pico_stdio/stdio.c.obj
 .text.stdout_serialize_begin
                0x10004738       0x5c CMakeFiles/pcf8575test.dir/F_/PICO/pico-sdk/src/rp2_common/pico_stdio/stdio.c.obj
                0x10004738                stdout_serialize_begin
 .text.stdout_serialize_end
                0x10004794       0x10 CMakeFiles/pcf8575test.dir/F_/PICO/pico-sdk/src/rp2_common/pico_stdio/stdio.c.obj
                0x10004794                stdout_serialize_end
 .text.stdio_put_string
                0x100047a4       0x98 CMakeFiles/pcf8575test.dir/F_/PICO/pico-sdk/src/rp2_common/pico_stdio/stdio.c.obj
 .text.__wrap_putchar
                0x1000483c       0x1c CMakeFiles/pcf8575test.dir/F_/PICO/pico-sdk/src/rp2_common/pico_stdio/stdio.c.obj
                0x1000483c                __wrap_putchar
 .text.stdio_set_driver_enabled
                0x10004858       0x2c CMakeFiles/pcf8575test.dir/F_/PICO/pico-sdk/src/rp2_common/pico_stdio/stdio.c.obj
                0x10004858                stdio_set_driver_enabled
 .text.stdio_flush
                0x10004884       0x20 CMakeFiles/pcf8575test.dir/F_/PICO/pico-sdk/src/rp2_common/pico_stdio/stdio.c.obj
                0x10004884                stdio_flush
 .text.__wrap_puts
                0x100048a4       0x1e CMakeFiles/pcf8575test.dir/F_/PICO/pico-sdk/src/rp2_common/pico_stdio/stdio.c.obj
                0x100048a4                __wrap_puts
 *fill*         0x100048c2        0x2 
 .text.__wrap_vprintf
                0x100048c4       0x40 CMakeFiles/pcf8575test.dir/F_/PICO/pico-sdk/src/rp2_common/pico_stdio/stdio.c.obj
                0x100048c4                __wrap_vprintf
 .text.__wrap_printf
                0x10004904       0x18 CMakeFiles/pcf8575test.dir/F_/PICO/pico-sdk/src/rp2_common/pico_stdio/stdio.c.obj
                0x10004904                __wrap_printf
 .text.stdio_init_all
                0x1000491c        0x8 CMakeFiles/pcf8575test.dir/F_/PICO/pico-sdk/src/rp2_common/pico_stdio/stdio.c.obj
                0x1000491c                stdio_init_all
 .text.__wrap_getchar
                0x10004924       0x40 CMakeFiles/pcf8575test.dir/F_/PICO/pico-sdk/src/rp2_common/pico_stdio/stdio.c.obj
                0x10004924                __wrap_getchar
 .text.resetd_init
                0x10004964        0x2 CMakeFiles/pcf8575test.dir/F_/PICO/pico-sdk/src/rp2_common/pico_stdio_usb/reset_interface.c.obj
 *fill*         0x10004966        0x2 
 .text.resetd_reset
                0x10004968        0xc CMakeFiles/pcf8575test.dir/F_/PICO/pico-sdk/src/rp2_common/pico_stdio_usb/reset_interface.c.obj
 .text.resetd_open
                0x10004974       0x34 CMakeFiles/pcf8575test.dir/F_/PICO/pico-sdk/src/rp2_common/pico_stdio_usb/reset_interface.c.obj
 .text.resetd_xfer_cb
                0x100049a8        0x4 CMakeFiles/pcf8575test.dir/F_/PICO/pico-sdk/src/rp2_common/pico_stdio_usb/reset_interface.c.obj
 .text.reset_usb_boot
                0x100049ac       0x18 CMakeFiles/pcf8575test.dir/F_/PICO/pico-sdk/src/rp2_common/pico_stdio_usb/reset_interface.c.obj
 .text.resetd_control_xfer_cb
                0x100049c4       0x5c CMakeFiles/pcf8575test.dir/F_/PICO/pico-sdk/src/rp2_common/pico_stdio_usb/reset_interface.c.obj
 .text.usbd_app_driver_get_cb
                0x10004a20        0xc CMakeFiles/pcf8575test.dir/F_/PICO/pico-sdk/src/rp2_common/pico_stdio_usb/reset_interface.c.obj
                0x10004a20                usbd_app_driver_get_cb
 .text.tud_cdc_line_coding_cb
                0x10004a2c       0x28 CMakeFiles/pcf8575test.dir/F_/PICO/pico-sdk/src/rp2_common/pico_stdio_usb/reset_interface.c.obj
                0x10004a2c                tud_cdc_line_coding_cb
 .text.stdio_usb_set_chars_available_callback
                0x10004a54       0x14 CMakeFiles/pcf8575test.dir/F_/PICO/pico-sdk/src/rp2_common/pico_stdio_usb/stdio_usb.c.obj
                0x10004a54                stdio_usb_set_chars_available_callback
 .text.usb_irq  0x10004a68       0x10 CMakeFiles/pcf8575test.dir/F_/PICO/pico-sdk/src/rp2_common/pico_stdio_usb/stdio_usb.c.obj
 .text.timer_task
                0x10004a78       0x5c CMakeFiles/pcf8575test.dir/F_/PICO/pico-sdk/src/rp2_common/pico_stdio_usb/stdio_usb.c.obj
 .text.low_priority_worker_irq
                0x10004ad4       0xdc CMakeFiles/pcf8575test.dir/F_/PICO/pico-sdk/src/rp2_common/pico_stdio_usb/stdio_usb.c.obj
 .text.tud_cdc_rx_cb
                0x10004bb0       0x20 CMakeFiles/pcf8575test.dir/F_/PICO/pico-sdk/src/rp2_common/pico_stdio_usb/stdio_usb.c.obj
                0x10004bb0                tud_cdc_rx_cb
 .text.stdio_usb_init
                0x10004bd0      0x11c CMakeFiles/pcf8575test.dir/F_/PICO/pico-sdk/src/rp2_common/pico_stdio_usb/stdio_usb.c.obj
                0x10004bd0                stdio_usb_init
 .text.stdio_usb_connected
                0x10004cec        0xa CMakeFiles/pcf8575test.dir/F_/PICO/pico-sdk/src/rp2_common/pico_stdio_usb/stdio_usb.c.obj
                0x10004cec                stdio_usb_connected
 *fill*         0x10004cf6        0x2 
 .text.stdio_usb_in_chars
                0x10004cf8       0xc4 CMakeFiles/pcf8575test.dir/F_/PICO/pico-sdk/src/rp2_common/pico_stdio_usb/stdio_usb.c.obj
                0x10004cf8                stdio_usb_in_chars
 .text.stdio_usb_out_chars
                0x10004dbc      0x114 CMakeFiles/pcf8575test.dir/F_/PICO/pico-sdk/src/rp2_common/pico_stdio_usb/stdio_usb.c.obj
 .text.tud_descriptor_device_cb
                0x10004ed0        0x8 CMakeFiles/pcf8575test.dir/F_/PICO/pico-sdk/src/rp2_common/pico_stdio_usb/stdio_usb_descriptors.c.obj
                0x10004ed0                tud_descriptor_device_cb
 .text.tud_descriptor_configuration_cb
                0x10004ed8        0x8 CMakeFiles/pcf8575test.dir/F_/PICO/pico-sdk/src/rp2_common/pico_stdio_usb/stdio_usb_descriptors.c.obj
                0x10004ed8                tud_descriptor_configuration_cb
 .text.tud_descriptor_string_cb
                0x10004ee0       0x6c CMakeFiles/pcf8575test.dir/F_/PICO/pico-sdk/src/rp2_common/pico_stdio_usb/stdio_usb_descriptors.c.obj
                0x10004ee0                tud_descriptor_string_cb
 .text._retrieve_unique_id_on_boot
                0x10004f4c       0x10 CMakeFiles/pcf8575test.dir/F_/PICO/pico-sdk/src/rp2_common/pico_unique_id/unique_id.c.obj
 .text.pico_get_unique_board_id_string
                0x10004f5c       0x60 CMakeFiles/pcf8575test.dir/F_/PICO/pico-sdk/src/rp2_common/pico_unique_id/unique_id.c.obj
                0x10004f5c                pico_get_unique_board_id_string
 .text.flash_get_unique_id
                0x10004fbc       0x46 CMakeFiles/pcf8575test.dir/F_/PICO/pico-sdk/src/rp2_common/hardware_flash/flash.c.obj
                0x10004fbc                flash_get_unique_id
 *fill*         0x10005002        0x2 
 .text.hw_endpoint_get_by_addr
                0x10005004       0x18 CMakeFiles/pcf8575test.dir/F_/PICO/pico-sdk/lib/tinyusb/src/portable/raspberrypi/rp2040/dcd_rp2040.c.obj
 .text._hw_endpoint_alloc
                0x1000501c       0x70 CMakeFiles/pcf8575test.dir/F_/PICO/pico-sdk/lib/tinyusb/src/portable/raspberrypi/rp2040/dcd_rp2040.c.obj
 .text.hw_endpoint_init
                0x1000508c       0x88 CMakeFiles/pcf8575test.dir/F_/PICO/pico-sdk/lib/tinyusb/src/portable/raspberrypi/rp2040/dcd_rp2040.c.obj
 .text.hw_endpoint_xfer
                0x10005114       0x14 CMakeFiles/pcf8575test.dir/F_/PICO/pico-sdk/lib/tinyusb/src/portable/raspberrypi/rp2040/dcd_rp2040.c.obj
 .text.dcd_int_enable
                0x10005128       0x2c CMakeFiles/pcf8575test.dir/F_/PICO/pico-sdk/lib/tinyusb/src/portable/raspberrypi/rp2040/dcd_rp2040.c.obj
                0x10005128                dcd_int_enable
 .text.dcd_set_address
                0x10005154       0x2c CMakeFiles/pcf8575test.dir/F_/PICO/pico-sdk/lib/tinyusb/src/portable/raspberrypi/rp2040/dcd_rp2040.c.obj
                0x10005154                dcd_set_address
 .text.dcd_connect
                0x10005180       0x10 CMakeFiles/pcf8575test.dir/F_/PICO/pico-sdk/lib/tinyusb/src/portable/raspberrypi/rp2040/dcd_rp2040.c.obj
                0x10005180                dcd_connect
 .text.dcd_init
                0x10005190       0x80 CMakeFiles/pcf8575test.dir/F_/PICO/pico-sdk/lib/tinyusb/src/portable/raspberrypi/rp2040/dcd_rp2040.c.obj
                0x10005190                dcd_init
 .text.dcd_edpt0_status_complete
                0x10005210       0x1c CMakeFiles/pcf8575test.dir/F_/PICO/pico-sdk/lib/tinyusb/src/portable/raspberrypi/rp2040/dcd_rp2040.c.obj
                0x10005210                dcd_edpt0_status_complete
 .text.dcd_edpt_open
                0x1000522c       0x40 CMakeFiles/pcf8575test.dir/F_/PICO/pico-sdk/lib/tinyusb/src/portable/raspberrypi/rp2040/dcd_rp2040.c.obj
                0x1000522c                dcd_edpt_open
 .text.dcd_edpt_close_all
                0x1000526c        0x8 CMakeFiles/pcf8575test.dir/F_/PICO/pico-sdk/lib/tinyusb/src/portable/raspberrypi/rp2040/dcd_rp2040.c.obj
                0x1000526c                dcd_edpt_close_all
 .text.dcd_edpt_xfer
                0x10005274       0x34 CMakeFiles/pcf8575test.dir/F_/PICO/pico-sdk/lib/tinyusb/src/portable/raspberrypi/rp2040/dcd_rp2040.c.obj
                0x10005274                dcd_edpt_xfer
 .text.dcd_edpt_stall
                0x100052a8       0x2c CMakeFiles/pcf8575test.dir/F_/PICO/pico-sdk/lib/tinyusb/src/portable/raspberrypi/rp2040/dcd_rp2040.c.obj
                0x100052a8                dcd_edpt_stall
 .text.dcd_edpt_clear_stall
                0x100052d4       0x20 CMakeFiles/pcf8575test.dir/F_/PICO/pico-sdk/lib/tinyusb/src/portable/raspberrypi/rp2040/dcd_rp2040.c.obj
                0x100052d4                dcd_edpt_clear_stall
 .text.rp2040_usb_init
                0x100052f4       0x4c CMakeFiles/pcf8575test.dir/F_/PICO/pico-sdk/lib/tinyusb/src/portable/raspberrypi/rp2040/rp2040_usb.c.obj
                0x100052f4                rp2040_usb_init
 .text.hw_endpoint_xfer_start
                0x10005340       0x50 CMakeFiles/pcf8575test.dir/F_/PICO/pico-sdk/lib/tinyusb/src/portable/raspberrypi/rp2040/rp2040_usb.c.obj
                0x10005340                hw_endpoint_xfer_start
 .text.configuration_reset
                0x10005390       0x84 CMakeFiles/pcf8575test.dir/F_/PICO/pico-sdk/lib/tinyusb/src/device/usbd.c.obj
 .text.usbd_reset
                0x10005414        0xc CMakeFiles/pcf8575test.dir/F_/PICO/pico-sdk/lib/tinyusb/src/device/usbd.c.obj
 .text.invoke_class_control
                0x10005420       0x1a CMakeFiles/pcf8575test.dir/F_/PICO/pico-sdk/lib/tinyusb/src/device/usbd.c.obj
 *fill*         0x1000543a        0x2 
 .text.process_set_config
                0x1000543c      0x178 CMakeFiles/pcf8575test.dir/F_/PICO/pico-sdk/lib/tinyusb/src/device/usbd.c.obj
 .text.process_get_descriptor
                0x100055b4       0xdc CMakeFiles/pcf8575test.dir/F_/PICO/pico-sdk/lib/tinyusb/src/device/usbd.c.obj
 .text.tud_mounted
                0x10005690       0x10 CMakeFiles/pcf8575test.dir/F_/PICO/pico-sdk/lib/tinyusb/src/device/usbd.c.obj
                0x10005690                tud_mounted
 .text.tud_suspended
                0x100056a0       0x10 CMakeFiles/pcf8575test.dir/F_/PICO/pico-sdk/lib/tinyusb/src/device/usbd.c.obj
                0x100056a0                tud_suspended
 .text.tud_inited
                0x100056b0       0x14 CMakeFiles/pcf8575test.dir/F_/PICO/pico-sdk/lib/tinyusb/src/device/usbd.c.obj
                0x100056b0                tud_inited
 .text.tud_init
                0x100056c4       0xcc CMakeFiles/pcf8575test.dir/F_/PICO/pico-sdk/lib/tinyusb/src/device/usbd.c.obj
                0x100056c4                tud_init
 .text.usbd_defer_func
                0x10005790       0x2a CMakeFiles/pcf8575test.dir/F_/PICO/pico-sdk/lib/tinyusb/src/device/usbd.c.obj
                0x10005790                usbd_defer_func
 *fill*         0x100057ba        0x2 
 .text.usbd_edpt_open
                0x100057bc       0x34 CMakeFiles/pcf8575test.dir/F_/PICO/pico-sdk/lib/tinyusb/src/device/usbd.c.obj
                0x100057bc                usbd_edpt_open
 .text.usbd_open_edpt_pair
                0x100057f0       0x62 CMakeFiles/pcf8575test.dir/F_/PICO/pico-sdk/lib/tinyusb/src/device/usbd.c.obj
                0x100057f0                usbd_open_edpt_pair
 *fill*         0x10005852        0x2 
 .text.usbd_edpt_claim
                0x10005854       0x28 CMakeFiles/pcf8575test.dir/F_/PICO/pico-sdk/lib/tinyusb/src/device/usbd.c.obj
                0x10005854                usbd_edpt_claim
 .text.usbd_edpt_release
                0x1000587c       0x28 CMakeFiles/pcf8575test.dir/F_/PICO/pico-sdk/lib/tinyusb/src/device/usbd.c.obj
                0x1000587c                usbd_edpt_release
 .text.usbd_edpt_xfer
                0x100058a4       0x78 CMakeFiles/pcf8575test.dir/F_/PICO/pico-sdk/lib/tinyusb/src/device/usbd.c.obj
                0x100058a4                usbd_edpt_xfer
 .text.usbd_edpt_stall
                0x1000591c       0x48 CMakeFiles/pcf8575test.dir/F_/PICO/pico-sdk/lib/tinyusb/src/device/usbd.c.obj
                0x1000591c                usbd_edpt_stall
 .text.usbd_edpt_clear_stall
                0x10005964       0x48 CMakeFiles/pcf8575test.dir/F_/PICO/pico-sdk/lib/tinyusb/src/device/usbd.c.obj
                0x10005964                usbd_edpt_clear_stall
 .text.usbd_edpt_stalled
                0x100059ac       0x1c CMakeFiles/pcf8575test.dir/F_/PICO/pico-sdk/lib/tinyusb/src/device/usbd.c.obj
                0x100059ac                usbd_edpt_stalled
 .text.process_control_request
                0x100059c8      0x37c CMakeFiles/pcf8575test.dir/F_/PICO/pico-sdk/lib/tinyusb/src/device/usbd.c.obj
 .text.tud_task_ext
                0x10005d44      0x1b8 CMakeFiles/pcf8575test.dir/F_/PICO/pico-sdk/lib/tinyusb/src/device/usbd.c.obj
                0x10005d44                tud_task_ext
 .text._data_stage_xact
                0x10005efc       0x58 CMakeFiles/pcf8575test.dir/F_/PICO/pico-sdk/lib/tinyusb/src/device/usbd_control.c.obj
 .text.tud_control_status
                0x10005f54       0x38 CMakeFiles/pcf8575test.dir/F_/PICO/pico-sdk/lib/tinyusb/src/device/usbd_control.c.obj
                0x10005f54                tud_control_status
 .text.tud_control_xfer
                0x10005f8c       0x74 CMakeFiles/pcf8575test.dir/F_/PICO/pico-sdk/lib/tinyusb/src/device/usbd_control.c.obj
                0x10005f8c                tud_control_xfer
 .text.usbd_control_reset
                0x10006000       0x14 CMakeFiles/pcf8575test.dir/F_/PICO/pico-sdk/lib/tinyusb/src/device/usbd_control.c.obj
                0x10006000                usbd_control_reset
 .text.usbd_control_set_complete_callback
                0x10006014        0xc CMakeFiles/pcf8575test.dir/F_/PICO/pico-sdk/lib/tinyusb/src/device/usbd_control.c.obj
                0x10006014                usbd_control_set_complete_callback
 .text.usbd_control_set_request
                0x10006020       0x1c CMakeFiles/pcf8575test.dir/F_/PICO/pico-sdk/lib/tinyusb/src/device/usbd_control.c.obj
                0x10006020                usbd_control_set_request
 .text.usbd_control_xfer_cb
                0x1000603c       0xcc CMakeFiles/pcf8575test.dir/F_/PICO/pico-sdk/lib/tinyusb/src/device/usbd_control.c.obj
                0x1000603c                usbd_control_xfer_cb
 .text._prep_out_transaction
                0x10006108       0x4a CMakeFiles/pcf8575test.dir/F_/PICO/pico-sdk/lib/tinyusb/src/class/cdc/cdc_device.c.obj
 *fill*         0x10006152        0x2 
 .text.tud_cdc_n_connected
                0x10006154       0x44 CMakeFiles/pcf8575test.dir/F_/PICO/pico-sdk/lib/tinyusb/src/class/cdc/cdc_device.c.obj
                0x10006154                tud_cdc_n_connected
 .text.tud_cdc_n_available
                0x10006198       0x18 CMakeFiles/pcf8575test.dir/F_/PICO/pico-sdk/lib/tinyusb/src/class/cdc/cdc_device.c.obj
                0x10006198                tud_cdc_n_available
 .text.tud_cdc_n_read
                0x100061b0       0x28 CMakeFiles/pcf8575test.dir/F_/PICO/pico-sdk/lib/tinyusb/src/class/cdc/cdc_device.c.obj
                0x100061b0                tud_cdc_n_read
 .text.tud_cdc_n_write_flush
                0x100061d8       0xb8 CMakeFiles/pcf8575test.dir/F_/PICO/pico-sdk/lib/tinyusb/src/class/cdc/cdc_device.c.obj
                0x100061d8                tud_cdc_n_write_flush
 .text.tud_cdc_n_write
                0x10006290       0x38 CMakeFiles/pcf8575test.dir/F_/PICO/pico-sdk/lib/tinyusb/src/class/cdc/cdc_device.c.obj
                0x10006290                tud_cdc_n_write
 .text.tud_cdc_n_write_available
                0x100062c8       0x1c CMakeFiles/pcf8575test.dir/F_/PICO/pico-sdk/lib/tinyusb/src/class/cdc/cdc_device.c.obj
                0x100062c8                tud_cdc_n_write_available
 .text.cdcd_init
                0x100062e4       0xbc CMakeFiles/pcf8575test.dir/F_/PICO/pico-sdk/lib/tinyusb/src/class/cdc/cdc_device.c.obj
                0x100062e4                cdcd_init
 .text.cdcd_reset
                0x100063a0       0x44 CMakeFiles/pcf8575test.dir/F_/PICO/pico-sdk/lib/tinyusb/src/class/cdc/cdc_device.c.obj
                0x100063a0                cdcd_reset
 .text.cdcd_open
                0x100063e4       0xcc CMakeFiles/pcf8575test.dir/F_/PICO/pico-sdk/lib/tinyusb/src/class/cdc/cdc_device.c.obj
                0x100063e4                cdcd_open
 .text.cdcd_control_xfer_cb
                0x100064b0      0x134 CMakeFiles/pcf8575test.dir/F_/PICO/pico-sdk/lib/tinyusb/src/class/cdc/cdc_device.c.obj
                0x100064b0                cdcd_control_xfer_cb
 .text.cdcd_xfer_cb
                0x100065e4      0x130 CMakeFiles/pcf8575test.dir/F_/PICO/pico-sdk/lib/tinyusb/src/class/cdc/cdc_device.c.obj
                0x100065e4                cdcd_xfer_cb
 .text.tusb_init
                0x10006714        0xa CMakeFiles/pcf8575test.dir/F_/PICO/pico-sdk/lib/tinyusb/src/tusb.c.obj
                0x10006714                tusb_init
 .text.tusb_inited
                0x1000671e        0xe CMakeFiles/pcf8575test.dir/F_/PICO/pico-sdk/lib/tinyusb/src/tusb.c.obj
                0x1000671e                tusb_inited
 .text.tu_edpt_claim
                0x1000672c       0x50 CMakeFiles/pcf8575test.dir/F_/PICO/pico-sdk/lib/tinyusb/src/tusb.c.obj
                0x1000672c                tu_edpt_claim
 .text.tu_edpt_release
                0x1000677c       0x3c CMakeFiles/pcf8575test.dir/F_/PICO/pico-sdk/lib/tinyusb/src/tusb.c.obj
                0x1000677c                tu_edpt_release
 .text.tu_edpt_validate
                0x100067b8       0x78 CMakeFiles/pcf8575test.dir/F_/PICO/pico-sdk/lib/tinyusb/src/tusb.c.obj
                0x100067b8                tu_edpt_validate
 .text.tu_edpt_bind_driver
                0x10006830       0x26 CMakeFiles/pcf8575test.dir/F_/PICO/pico-sdk/lib/tinyusb/src/tusb.c.obj
                0x10006830                tu_edpt_bind_driver
 .text.advance_index
                0x10006856       0x1a CMakeFiles/pcf8575test.dir/F_/PICO/pico-sdk/lib/tinyusb/src/common/tusb_fifo.c.obj
 .text._tu_fifo_peek
                0x10006870       0x56 CMakeFiles/pcf8575test.dir/F_/PICO/pico-sdk/lib/tinyusb/src/common/tusb_fifo.c.obj
 .text._ff_pull_const_addr
                0x100068c6       0x4c CMakeFiles/pcf8575test.dir/F_/PICO/pico-sdk/lib/tinyusb/src/common/tusb_fifo.c.obj
 .text._ff_pull_n
                0x10006912      0x110 CMakeFiles/pcf8575test.dir/F_/PICO/pico-sdk/lib/tinyusb/src/common/tusb_fifo.c.obj
 .text._tu_fifo_peek_n
                0x10006a22       0x6a CMakeFiles/pcf8575test.dir/F_/PICO/pico-sdk/lib/tinyusb/src/common/tusb_fifo.c.obj
 .text._tu_fifo_read_n
                0x10006a8c       0x4e CMakeFiles/pcf8575test.dir/F_/PICO/pico-sdk/lib/tinyusb/src/common/tusb_fifo.c.obj
 .text._ff_push_const_addr
                0x10006ada       0x40 CMakeFiles/pcf8575test.dir/F_/PICO/pico-sdk/lib/tinyusb/src/common/tusb_fifo.c.obj
 .text._ff_push_n
                0x10006b1a      0x10c CMakeFiles/pcf8575test.dir/F_/PICO/pico-sdk/lib/tinyusb/src/common/tusb_fifo.c.obj
 .text._tu_fifo_write_n
                0x10006c26       0xf0 CMakeFiles/pcf8575test.dir/F_/PICO/pico-sdk/lib/tinyusb/src/common/tusb_fifo.c.obj
 .text.tu_fifo_config
                0x10006d16       0x7c CMakeFiles/pcf8575test.dir/F_/PICO/pico-sdk/lib/tinyusb/src/common/tusb_fifo.c.obj
                0x10006d16                tu_fifo_config
 .text.tu_fifo_count
                0x10006d92       0x2a CMakeFiles/pcf8575test.dir/F_/PICO/pico-sdk/lib/tinyusb/src/common/tusb_fifo.c.obj
                0x10006d92                tu_fifo_count
 .text.tu_fifo_empty
                0x10006dbc       0x10 CMakeFiles/pcf8575test.dir/F_/PICO/pico-sdk/lib/tinyusb/src/common/tusb_fifo.c.obj
                0x10006dbc                tu_fifo_empty
 .text.tu_fifo_full
                0x10006dcc       0x28 CMakeFiles/pcf8575test.dir/F_/PICO/pico-sdk/lib/tinyusb/src/common/tusb_fifo.c.obj
                0x10006dcc                tu_fifo_full
 .text.tu_fifo_remaining
                0x10006df4       0x2c CMakeFiles/pcf8575test.dir/F_/PICO/pico-sdk/lib/tinyusb/src/common/tusb_fifo.c.obj
                0x10006df4                tu_fifo_remaining
 .text.tu_fifo_read
                0x10006e20       0x42 CMakeFiles/pcf8575test.dir/F_/PICO/pico-sdk/lib/tinyusb/src/common/tusb_fifo.c.obj
                0x10006e20                tu_fifo_read
 .text.tu_fifo_read_n
                0x10006e62        0xa CMakeFiles/pcf8575test.dir/F_/PICO/pico-sdk/lib/tinyusb/src/common/tusb_fifo.c.obj
                0x10006e62                tu_fifo_read_n
 .text.tu_fifo_write
                0x10006e6c       0x64 CMakeFiles/pcf8575test.dir/F_/PICO/pico-sdk/lib/tinyusb/src/common/tusb_fifo.c.obj
                0x10006e6c                tu_fifo_write
 .text.tu_fifo_write_n
                0x10006ed0        0xa CMakeFiles/pcf8575test.dir/F_/PICO/pico-sdk/lib/tinyusb/src/common/tusb_fifo.c.obj
                0x10006ed0                tu_fifo_write_n
 .text.tu_fifo_clear
                0x10006eda       0x3e CMakeFiles/pcf8575test.dir/F_/PICO/pico-sdk/lib/tinyusb/src/common/tusb_fifo.c.obj
                0x10006eda                tu_fifo_clear
 .text.tu_fifo_set_overwritable
                0x10006f18       0x46 CMakeFiles/pcf8575test.dir/F_/PICO/pico-sdk/lib/tinyusb/src/common/tusb_fifo.c.obj
                0x10006f18                tu_fifo_set_overwritable
 .text.i2c_write_blocking_internal
                0x10006f5e      0x140 CMakeFiles/pcf8575test.dir/F_/PICO/pico-sdk/src/rp2_common/hardware_i2c/i2c.c.obj
 .text.i2c_read_blocking_internal
                0x1000709e       0xe6 CMakeFiles/pcf8575test.dir/F_/PICO/pico-sdk/src/rp2_common/hardware_i2c/i2c.c.obj
 .text.i2c_set_baudrate
                0x10007184       0xf0 CMakeFiles/pcf8575test.dir/F_/PICO/pico-sdk/src/rp2_common/hardware_i2c/i2c.c.obj
                0x10007184                i2c_set_baudrate
 .text.i2c_init
                0x10007274       0x58 CMakeFiles/pcf8575test.dir/F_/PICO/pico-sdk/src/rp2_common/hardware_i2c/i2c.c.obj
                0x10007274                i2c_init
 .text.i2c_write_blocking
                0x100072cc       0x18 CMakeFiles/pcf8575test.dir/F_/PICO/pico-sdk/src/rp2_common/hardware_i2c/i2c.c.obj
                0x100072cc                i2c_write_blocking
 .text.i2c_read_blocking
                0x100072e4       0x18 CMakeFiles/pcf8575test.dir/F_/PICO/pico-sdk/src/rp2_common/hardware_i2c/i2c.c.obj
                0x100072e4                i2c_read_blocking
 .text.PCF8575_init
                0x100072fc        0xc PCF8575/libPCF8575.a(PCF8575.c.obj)
                0x100072fc                PCF8575_init
 .text.PCF8575_SET_DEBGU
                0x10007308        0x6 PCF8575/libPCF8575.a(PCF8575.c.obj)
                0x10007308                PCF8575_SET_DEBGU
 .text.PCF8575_set_dir_all
                0x1000730e       0x1c PCF8575/libPCF8575.a(PCF8575.c.obj)
                0x1000730e                PCF8575_set_dir_all
 *fill*         0x1000732a        0x2 
 .text.PCF8575_set_value
                0x1000732c       0x60 PCF8575/libPCF8575.a(PCF8575.c.obj)
                0x1000732c                PCF8575_set_value
 .text.PCF8575_SEND_VALUE
                0x1000738c       0x7c PCF8575/libPCF8575.a(PCF8575.c.obj)
                0x1000738c                PCF8575_SEND_VALUE
 .text.strlen   0x10007408       0x5c f:/pico/gcc-arm-none-eabi/bin/../lib/gcc/arm-none-eabi/10.3.1/../../../../arm-none-eabi/lib/thumb/v6-m/nofp\libg.a(lib_a-strlen-stub.o)
                0x10007408                strlen
 *(.fini)
 .fini          0x10007464        0x4 f:/pico/gcc-arm-none-eabi/bin/../lib/gcc/arm-none-eabi/10.3.1/thumb/v6-m/nofp/crti.o
                0x10007464                _fini
 .fini.__stub   0x10007468       0xe0 linker stubs
 *crtbegin.o(.ctors)
 *crtbegin?.o(.ctors)
 *(EXCLUDE_FILE(*crtend.o *crtend?.o) .ctors)
 *(SORT_BY_NAME(.ctors.*))
 *(.ctors)
 *crtbegin.o(.dtors)
 *crtbegin?.o(.dtors)
 *(EXCLUDE_FILE(*crtend.o *crtend?.o) .dtors)
 *(SORT_BY_NAME(.dtors.*))
 *(.dtors)
 *(.eh_frame*)
 .eh_frame      0x10007548        0x0 f:/pico/gcc-arm-none-eabi/bin/../lib/gcc/arm-none-eabi/10.3.1/thumb/v6-m/nofp/crtbegin.o
                0x10007548                . = ALIGN (0x4)

.glue_7         0x10007548        0x0
 .glue_7        0x10007548        0x0 linker stubs

.glue_7t        0x10007548        0x0
 .glue_7t       0x10007548        0x0 linker stubs

.vfp11_veneer   0x10007548        0x0
 .vfp11_veneer  0x10007548        0x0 linker stubs

.v4_bx          0x10007548        0x0
 .v4_bx         0x10007548        0x0 linker stubs

.iplt           0x10007548        0x0
 .iplt          0x10007548        0x0 f:/pico/gcc-arm-none-eabi/bin/../lib/gcc/arm-none-eabi/10.3.1/thumb/v6-m/nofp/crtbegin.o

.rodata         0x10007548     0x1670
 *(EXCLUDE_FILE(*libm.a: *libc.a:*lib_a-mem*.o *libgcc.a:) .rodata*)
 .rodata.bus_scan.str1.4
                0x10007548       0x5a CMakeFiles/pcf8575test.dir/test.c.obj
                                 0x62 (size before relaxing)
 *fill*         0x100075a2        0x2 
 .rodata.main.str1.4
                0x100075a4       0x28 CMakeFiles/pcf8575test.dir/test.c.obj
 .rodata.spin_lock_claim_unused.str1.4
                0x100075cc       0x1b CMakeFiles/pcf8575test.dir/F_/PICO/pico-sdk/src/rp2_common/hardware_sync/sync.c.obj
 *fill*         0x100075e7        0x1 
 .rodata.make_branch.str1.4
                0x100075e8       0x63 CMakeFiles/pcf8575test.dir/F_/PICO/pico-sdk/src/rp2_common/hardware_irq/irq.c.obj
 *fill*         0x1000764b        0x1 
 .rodata.insert_branch_and_link.str1.4
                0x1000764c       0x10 CMakeFiles/pcf8575test.dir/F_/PICO/pico-sdk/src/rp2_common/hardware_irq/irq.c.obj
 .rodata.irq_set_exclusive_handler.str1.4
                0x1000765c       0x36 CMakeFiles/pcf8575test.dir/F_/PICO/pico-sdk/src/rp2_common/hardware_irq/irq.c.obj
 *fill*         0x10007692        0x2 
 .rodata.irq_add_shared_handler.str1.4
                0x10007694       0xd9 CMakeFiles/pcf8575test.dir/F_/PICO/pico-sdk/src/rp2_common/hardware_irq/irq.c.obj
 *fill*         0x1000776d        0x3 
 .rodata.irq_remove_handler.str1.4
                0x10007770       0x3a CMakeFiles/pcf8575test.dir/F_/PICO/pico-sdk/src/rp2_common/hardware_irq/irq.c.obj
 *fill*         0x100077aa        0x2 
 .rodata.irq_add_tail_to_free_list.str1.4
                0x100077ac       0x3a CMakeFiles/pcf8575test.dir/F_/PICO/pico-sdk/src/rp2_common/hardware_irq/irq.c.obj
 *fill*         0x100077e6        0x2 
 .rodata.user_irq_claim_unused.str1.4
                0x100077e8       0x1b CMakeFiles/pcf8575test.dir/F_/PICO/pico-sdk/src/rp2_common/hardware_irq/irq.c.obj
 *fill*         0x10007803        0x1 
 .rodata.__func__.0
                0x10007804       0x1a CMakeFiles/pcf8575test.dir/F_/PICO/pico-sdk/src/rp2_common/hardware_irq/irq.c.obj
 *fill*         0x1000781e        0x2 
 .rodata.__func__.1
                0x10007820       0x17 CMakeFiles/pcf8575test.dir/F_/PICO/pico-sdk/src/rp2_common/hardware_irq/irq.c.obj
 *fill*         0x10007837        0x1 
 .rodata.__func__.2
                0x10007838       0x13 CMakeFiles/pcf8575test.dir/F_/PICO/pico-sdk/src/rp2_common/hardware_irq/irq.c.obj
 *fill*         0x1000784b        0x1 
 .rodata.__func__.3
                0x1000784c        0xc CMakeFiles/pcf8575test.dir/F_/PICO/pico-sdk/src/rp2_common/hardware_irq/irq.c.obj
 .rodata.__func__.4
                0x10007858        0xf CMakeFiles/pcf8575test.dir/F_/PICO/pico-sdk/src/rp2_common/hardware_irq/irq.c.obj
 *fill*         0x10007867        0x1 
 .rodata.__func__.5
                0x10007868       0x17 CMakeFiles/pcf8575test.dir/F_/PICO/pico-sdk/src/rp2_common/hardware_irq/irq.c.obj
 *fill*         0x1000787f        0x1 
 .rodata.__func__.6
                0x10007880       0x1a CMakeFiles/pcf8575test.dir/F_/PICO/pico-sdk/src/rp2_common/hardware_irq/irq.c.obj
 *fill*         0x1000789a        0x2 
 .rodata.str1.4
                0x1000789c       0xd9 CMakeFiles/pcf8575test.dir/F_/PICO/pico-sdk/src/common/pico_sync/mutex.c.obj
 *fill*         0x10007975        0x3 
 .rodata.__func__.1
                0x10007978        0xb CMakeFiles/pcf8575test.dir/F_/PICO/pico-sdk/src/common/pico_sync/mutex.c.obj
 *fill*         0x10007983        0x1 
 .rodata.__func__.3
                0x10007984       0x18 CMakeFiles/pcf8575test.dir/F_/PICO/pico-sdk/src/common/pico_sync/mutex.c.obj
 .rodata.__func__.4
                0x1000799c       0x15 CMakeFiles/pcf8575test.dir/F_/PICO/pico-sdk/src/common/pico_sync/mutex.c.obj
 *fill*         0x100079b1        0x3 
 .rodata.repeating_timer_callback.str1.4
                0x100079b4       0x41 CMakeFiles/pcf8575test.dir/F_/PICO/pico-sdk/src/common/pico_time/time.c.obj
 *fill*         0x100079f5        0x3 
 .rodata.timer_pool_entry_comparator.str1.4
                0x100079f8       0x22 CMakeFiles/pcf8575test.dir/F_/PICO/pico-sdk/src/common/pico_time/time.c.obj
 *fill*         0x10007a1a        0x2 
 .rodata.ph_add_child_node.str1.4
                0x10007a1c       0x8a CMakeFiles/pcf8575test.dir/F_/PICO/pico-sdk/src/common/pico_time/time.c.obj
 *fill*         0x10007aa6        0x2 
 .rodata.add_alarm_under_lock.str1.4
                0x10007aa8       0x28 CMakeFiles/pcf8575test.dir/F_/PICO/pico-sdk/src/common/pico_time/time.c.obj
                                 0x2b (size before relaxing)
 .rodata.alarm_pool_alarm_callback.str1.4
                0x10007ad0       0x98 CMakeFiles/pcf8575test.dir/F_/PICO/pico-sdk/src/common/pico_time/time.c.obj
                                 0xf0 (size before relaxing)
 .rodata.alarm_pool_get_default.str1.4
                0x10007b68       0x21 CMakeFiles/pcf8575test.dir/F_/PICO/pico-sdk/src/common/pico_time/time.c.obj
 *fill*         0x10007b89        0x3 
 .rodata.alarm_pool_cancel_alarm.str1.4
                0x10007b8c       0x27 CMakeFiles/pcf8575test.dir/F_/PICO/pico-sdk/src/common/pico_time/time.c.obj
 *fill*         0x10007bb3        0x1 
 .rodata.sleep_until.str1.4
                0x10007bb4       0x4d CMakeFiles/pcf8575test.dir/F_/PICO/pico-sdk/src/common/pico_time/time.c.obj
 *fill*         0x10007c01        0x3 
 .rodata.__func__.1
                0x10007c04       0x18 CMakeFiles/pcf8575test.dir/F_/PICO/pico-sdk/src/common/pico_time/time.c.obj
 .rodata.__func__.10
                0x10007c1c       0x15 CMakeFiles/pcf8575test.dir/F_/PICO/pico-sdk/src/common/pico_time/time.c.obj
 *fill*         0x10007c31        0x3 
 .rodata.__func__.11
                0x10007c34       0x1a CMakeFiles/pcf8575test.dir/F_/PICO/pico-sdk/src/common/pico_time/time.c.obj
 *fill*         0x10007c4e        0x2 
 .rodata.__func__.12
                0x10007c50        0xa CMakeFiles/pcf8575test.dir/F_/PICO/pico-sdk/src/common/pico_time/time.c.obj
 *fill*         0x10007c5a        0x2 
 .rodata.__func__.3
                0x10007c5c       0x17 CMakeFiles/pcf8575test.dir/F_/PICO/pico-sdk/src/common/pico_time/time.c.obj
 *fill*         0x10007c73        0x1 
 .rodata.__func__.4
                0x10007c74       0x12 CMakeFiles/pcf8575test.dir/F_/PICO/pico-sdk/src/common/pico_time/time.c.obj
 *fill*         0x10007c86        0x2 
 .rodata.__func__.5
                0x10007c88        0xd CMakeFiles/pcf8575test.dir/F_/PICO/pico-sdk/src/common/pico_time/time.c.obj
 *fill*         0x10007c95        0x3 
 .rodata.__func__.6
                0x10007c98       0x12 CMakeFiles/pcf8575test.dir/F_/PICO/pico-sdk/src/common/pico_time/time.c.obj
 *fill*         0x10007caa        0x2 
 .rodata.__func__.7
                0x10007cac        0xf CMakeFiles/pcf8575test.dir/F_/PICO/pico-sdk/src/common/pico_time/time.c.obj
 *fill*         0x10007cbb        0x1 
 .rodata.__func__.8
                0x10007cbc        0xc CMakeFiles/pcf8575test.dir/F_/PICO/pico-sdk/src/common/pico_time/time.c.obj
 .rodata.__func__.9
                0x10007cc8       0x15 CMakeFiles/pcf8575test.dir/F_/PICO/pico-sdk/src/common/pico_time/time.c.obj
 *fill*         0x10007cdd        0x3 
 .rodata.at_the_end_of_time
                0x10007ce0        0x8 CMakeFiles/pcf8575test.dir/F_/PICO/pico-sdk/src/common/pico_time/time.c.obj
                0x10007ce0                at_the_end_of_time
 .rodata.hardware_alarm_claim.str1.4
                0x10007ce8       0x22 CMakeFiles/pcf8575test.dir/F_/PICO/pico-sdk/src/rp2_common/hardware_timer/timer.c.obj
 .rodata.busy_wait_us.str1.4
                0x10007d0a       0x57 CMakeFiles/pcf8575test.dir/F_/PICO/pico-sdk/src/rp2_common/hardware_timer/timer.c.obj
 *fill*         0x10007d0a        0x2 
 .rodata.hardware_alarm_set_target.str1.4
                0x10007d0c       0x5b CMakeFiles/pcf8575test.dir/F_/PICO/pico-sdk/src/rp2_common/hardware_timer/timer.c.obj
 *fill*         0x10007d67        0x1 
 .rodata.__func__.0
                0x10007d68       0x1a CMakeFiles/pcf8575test.dir/F_/PICO/pico-sdk/src/rp2_common/hardware_timer/timer.c.obj
 *fill*         0x10007d82        0x2 
 .rodata.__func__.1
                0x10007d84       0x15 CMakeFiles/pcf8575test.dir/F_/PICO/pico-sdk/src/rp2_common/hardware_timer/timer.c.obj
 .rodata.ph_add_child_node.str1.4
                0x10007d99       0x8a CMakeFiles/pcf8575test.dir/F_/PICO/pico-sdk/src/common/pico_util/pheap.c.obj
 *fill*         0x10007d99        0x3 
 .rodata.ph_remove_any_head.str1.4
                0x10007d9c       0x84 CMakeFiles/pcf8575test.dir/F_/PICO/pico-sdk/src/common/pico_util/pheap.c.obj
                                 0x98 (size before relaxing)
 .rodata.ph_remove_and_free_node.str1.4
                0x10007e20       0x1e CMakeFiles/pcf8575test.dir/F_/PICO/pico-sdk/src/common/pico_util/pheap.c.obj
                                 0x26 (size before relaxing)
 *fill*         0x10007e3e        0x2 
 .rodata.__func__.0
                0x10007e40       0x18 CMakeFiles/pcf8575test.dir/F_/PICO/pico-sdk/src/common/pico_util/pheap.c.obj
 .rodata.__func__.1
                0x10007e58       0x13 CMakeFiles/pcf8575test.dir/F_/PICO/pico-sdk/src/common/pico_util/pheap.c.obj
 *fill*         0x10007e6b        0x1 
 .rodata.__func__.2
                0x10007e6c       0x12 CMakeFiles/pcf8575test.dir/F_/PICO/pico-sdk/src/common/pico_util/pheap.c.obj
 *fill*         0x10007e7e        0x2 
 .rodata.__func__.3
                0x10007e80        0xc CMakeFiles/pcf8575test.dir/F_/PICO/pico-sdk/src/common/pico_util/pheap.c.obj
 .rodata.clock_configure.str1.4
                0x10007e8c       0x4d CMakeFiles/pcf8575test.dir/F_/PICO/pico-sdk/src/rp2_common/hardware_clocks/clocks.c.obj
 *fill*         0x10007ed9        0x3 
 .rodata.__func__.1
                0x10007edc       0x10 CMakeFiles/pcf8575test.dir/F_/PICO/pico-sdk/src/rp2_common/hardware_clocks/clocks.c.obj
 .rodata.pll_init.str1.4
                0x10007eec      0x118 CMakeFiles/pcf8575test.dir/F_/PICO/pico-sdk/src/rp2_common/hardware_pll/pll.c.obj
 .rodata.__func__.0
                0x10008004        0x9 CMakeFiles/pcf8575test.dir/F_/PICO/pico-sdk/src/rp2_common/hardware_pll/pll.c.obj
 *fill*         0x1000800d        0x3 
 .rodata.__assert_func.str1.4
                0x10008010       0x3f CMakeFiles/pcf8575test.dir/F_/PICO/pico-sdk/src/rp2_common/pico_runtime/runtime.c.obj
                                 0x43 (size before relaxing)
 *fill*         0x1000804f        0x1 
 .rodata.runtime_init.str1.4
                0x10008050       0x57 CMakeFiles/pcf8575test.dir/F_/PICO/pico-sdk/src/rp2_common/pico_runtime/runtime.c.obj
 *fill*         0x100080a7        0x1 
 .rodata.panic.str1.4
                0x100080a8       0x10 CMakeFiles/pcf8575test.dir/F_/PICO/pico-sdk/src/rp2_common/pico_runtime/runtime.c.obj
                                 0x12 (size before relaxing)
 .rodata.__func__.2
                0x100080b8        0xd CMakeFiles/pcf8575test.dir/F_/PICO/pico-sdk/src/rp2_common/pico_runtime/runtime.c.obj
 *fill*         0x100080c5        0x3 
 .rodata._ftoa.str1.4
                0x100080c8       0x15 CMakeFiles/pcf8575test.dir/F_/PICO/pico-sdk/src/rp2_common/pico_printf/printf.c.obj
 *fill*         0x100080dd        0x3 
 .rodata._vsnprintf
                0x100080e0      0x1e0 CMakeFiles/pcf8575test.dir/F_/PICO/pico-sdk/src/rp2_common/pico_printf/printf.c.obj
 .rodata.pow10.0
                0x100082c0       0x50 CMakeFiles/pcf8575test.dir/F_/PICO/pico-sdk/src/rp2_common/pico_printf/printf.c.obj
 .rodata.__aeabi_double_init.str1.4
                0x10008310       0x92 CMakeFiles/pcf8575test.dir/F_/PICO/pico-sdk/src/rp2_common/pico_double/double_init_rom.c.obj
 *fill*         0x100083a2        0x2 
 .rodata.__func__.0
                0x100083a4       0x14 CMakeFiles/pcf8575test.dir/F_/PICO/pico-sdk/src/rp2_common/pico_double/double_init_rom.c.obj
 .rodata.__aeabi_float_init.str1.4
                0x100083b8       0x70 CMakeFiles/pcf8575test.dir/F_/PICO/pico-sdk/src/rp2_common/pico_float/float_init_rom.c.obj
                                 0x74 (size before relaxing)
 .rodata.__func__.0
                0x10008428       0x13 CMakeFiles/pcf8575test.dir/F_/PICO/pico-sdk/src/rp2_common/pico_float/float_init_rom.c.obj
 *fill*         0x1000843b        0x1 
 .rodata.str1.4
                0x1000843c       0x40 CMakeFiles/pcf8575test.dir/F_/PICO/pico-sdk/src/rp2_common/pico_standard_link/binary_info.c.obj
 .rodata.__bi_44
                0x1000847c        0xc CMakeFiles/pcf8575test.dir/F_/PICO/pico-sdk/src/rp2_common/pico_standard_link/binary_info.c.obj
 .rodata.__bi_75
                0x10008488        0xc CMakeFiles/pcf8575test.dir/F_/PICO/pico-sdk/src/rp2_common/pico_standard_link/binary_info.c.obj
 .rodata.__bi_81
                0x10008494        0xc CMakeFiles/pcf8575test.dir/F_/PICO/pico-sdk/src/rp2_common/pico_standard_link/binary_info.c.obj
 .rodata.stdout_serialize_begin.str1.4
                0x100084a0       0x57 CMakeFiles/pcf8575test.dir/F_/PICO/pico-sdk/src/rp2_common/pico_stdio/stdio.c.obj
 .rodata.__wrap_getchar.str1.4
                0x100084a0       0x3f CMakeFiles/pcf8575test.dir/F_/PICO/pico-sdk/src/rp2_common/pico_stdio/stdio.c.obj
 *fill*         0x100084df        0x1 
 .rodata.__func__.1
                0x100084e0        0xf CMakeFiles/pcf8575test.dir/F_/PICO/pico-sdk/src/rp2_common/pico_stdio/stdio.c.obj
 *fill*         0x100084ef        0x1 
 .rodata.__func__.3
                0x100084f0       0x15 CMakeFiles/pcf8575test.dir/F_/PICO/pico-sdk/src/rp2_common/pico_stdio/stdio.c.obj
 *fill*         0x10008505        0x3 
 .rodata.crlf_str.2
                0x10008508        0x2 CMakeFiles/pcf8575test.dir/F_/PICO/pico-sdk/src/rp2_common/pico_stdio/stdio.c.obj
 *fill*         0x1000850a        0x2 
 .rodata._resetd_driver
                0x1000850c       0x18 CMakeFiles/pcf8575test.dir/F_/PICO/pico-sdk/src/rp2_common/pico_stdio_usb/reset_interface.c.obj
 .rodata.low_priority_worker_irq.str1.4
                0x10008524       0x57 CMakeFiles/pcf8575test.dir/F_/PICO/pico-sdk/src/rp2_common/pico_stdio_usb/stdio_usb.c.obj
 .rodata.stdio_usb_init.str1.4
                0x10008524       0x3b CMakeFiles/pcf8575test.dir/F_/PICO/pico-sdk/src/rp2_common/pico_stdio_usb/stdio_usb.c.obj
                                 0x43 (size before relaxing)
 *fill*         0x1000855f        0x1 
 .rodata.str1.4
                0x10008560       0x13 CMakeFiles/pcf8575test.dir/F_/PICO/pico-sdk/src/rp2_common/pico_stdio_usb/stdio_usb.c.obj
 *fill*         0x10008573        0x1 
 .rodata.__bi_182.0
                0x10008574        0xc CMakeFiles/pcf8575test.dir/F_/PICO/pico-sdk/src/rp2_common/pico_stdio_usb/stdio_usb.c.obj
 .rodata.__func__.1
                0x10008580        0xf CMakeFiles/pcf8575test.dir/F_/PICO/pico-sdk/src/rp2_common/pico_stdio_usb/stdio_usb.c.obj
 *fill*         0x1000858f        0x1 
 .rodata.__func__.3
                0x10008590       0x15 CMakeFiles/pcf8575test.dir/F_/PICO/pico-sdk/src/rp2_common/pico_stdio_usb/stdio_usb.c.obj
 *fill*         0x100085a5        0x3 
 .rodata.str1.4
                0x100085a8       0x2a CMakeFiles/pcf8575test.dir/F_/PICO/pico-sdk/src/rp2_common/pico_stdio_usb/stdio_usb_descriptors.c.obj
 *fill*         0x100085d2        0x2 
 .rodata.usbd_desc_cfg
                0x100085d4       0x54 CMakeFiles/pcf8575test.dir/F_/PICO/pico-sdk/src/rp2_common/pico_stdio_usb/stdio_usb_descriptors.c.obj
 .rodata.usbd_desc_device
                0x10008628       0x12 CMakeFiles/pcf8575test.dir/F_/PICO/pico-sdk/src/rp2_common/pico_stdio_usb/stdio_usb_descriptors.c.obj
 *fill*         0x1000863a        0x2 
 .rodata.usbd_desc_str
                0x1000863c       0x18 CMakeFiles/pcf8575test.dir/F_/PICO/pico-sdk/src/rp2_common/pico_stdio_usb/stdio_usb_descriptors.c.obj
 .rodata.pico_get_unique_board_id_string.str1.4
                0x10008654       0x43 CMakeFiles/pcf8575test.dir/F_/PICO/pico-sdk/src/rp2_common/pico_unique_id/unique_id.c.obj
 *fill*         0x10008697        0x1 
 .rodata.__func__.0
                0x10008698       0x20 CMakeFiles/pcf8575test.dir/F_/PICO/pico-sdk/src/rp2_common/pico_unique_id/unique_id.c.obj
 .rodata.str1.4
                0x100086b8      0x14e CMakeFiles/pcf8575test.dir/F_/PICO/pico-sdk/src/rp2_common/hardware_flash/flash.c.obj
 *fill*         0x10008806        0x2 
 .rodata.__func__.0
                0x10008808        0xd CMakeFiles/pcf8575test.dir/F_/PICO/pico-sdk/src/rp2_common/hardware_flash/flash.c.obj
 *fill*         0x10008815        0x3 
 .rodata._hw_endpoint_alloc.str1.4
                0x10008818       0xad CMakeFiles/pcf8575test.dir/F_/PICO/pico-sdk/lib/tinyusb/src/portable/raspberrypi/rp2040/dcd_rp2040.c.obj
 *fill*         0x100088c5        0x3 
 .rodata.str1.4
                0x100088c8       0x14 CMakeFiles/pcf8575test.dir/F_/PICO/pico-sdk/lib/tinyusb/src/portable/raspberrypi/rp2040/dcd_rp2040.c.obj
 .rodata.dcd_int_enable.str1.4
                0x100088dc        0xc CMakeFiles/pcf8575test.dir/F_/PICO/pico-sdk/lib/tinyusb/src/portable/raspberrypi/rp2040/dcd_rp2040.c.obj
 .rodata.__func__.0
                0x100088e8        0xe CMakeFiles/pcf8575test.dir/F_/PICO/pico-sdk/lib/tinyusb/src/portable/raspberrypi/rp2040/dcd_rp2040.c.obj
 *fill*         0x100088f6        0x2 
 .rodata.__func__.1
                0x100088f8        0xe CMakeFiles/pcf8575test.dir/F_/PICO/pico-sdk/lib/tinyusb/src/portable/raspberrypi/rp2040/dcd_rp2040.c.obj
 *fill*         0x10008906        0x2 
 .rodata.__func__.3
                0x10008908       0x10 CMakeFiles/pcf8575test.dir/F_/PICO/pico-sdk/lib/tinyusb/src/portable/raspberrypi/rp2040/dcd_rp2040.c.obj
 .rodata.__func__.5
                0x10008918        0xf CMakeFiles/pcf8575test.dir/F_/PICO/pico-sdk/lib/tinyusb/src/portable/raspberrypi/rp2040/dcd_rp2040.c.obj
 *fill*         0x10008927        0x1 
 .rodata.__func__.6
                0x10008928       0x13 CMakeFiles/pcf8575test.dir/F_/PICO/pico-sdk/lib/tinyusb/src/portable/raspberrypi/rp2040/dcd_rp2040.c.obj
 *fill*         0x1000893b        0x1 
 .rodata.__func__.7
                0x1000893c        0x9 CMakeFiles/pcf8575test.dir/F_/PICO/pico-sdk/lib/tinyusb/src/portable/raspberrypi/rp2040/dcd_rp2040.c.obj
 *fill*         0x10008945        0x3 
 .rodata.str1.4
                0x10008948       0xdf CMakeFiles/pcf8575test.dir/F_/PICO/pico-sdk/lib/tinyusb/src/portable/raspberrypi/rp2040/rp2040_usb.c.obj
 *fill*         0x10008a27        0x1 
 .rodata.__func__.0
                0x10008a28        0xf CMakeFiles/pcf8575test.dir/F_/PICO/pico-sdk/lib/tinyusb/src/portable/raspberrypi/rp2040/rp2040_usb.c.obj
 *fill*         0x10008a37        0x1 
 .rodata.process_get_descriptor
                0x10008a38       0x40 CMakeFiles/pcf8575test.dir/F_/PICO/pico-sdk/lib/tinyusb/src/device/usbd.c.obj
 .rodata.process_control_request
                0x10008a78       0x28 CMakeFiles/pcf8575test.dir/F_/PICO/pico-sdk/lib/tinyusb/src/device/usbd.c.obj
 .rodata.tud_task_ext
                0x10008aa0       0x24 CMakeFiles/pcf8575test.dir/F_/PICO/pico-sdk/lib/tinyusb/src/device/usbd.c.obj
 .rodata._usbd_driver
                0x10008ac4       0x18 CMakeFiles/pcf8575test.dir/F_/PICO/pico-sdk/lib/tinyusb/src/device/usbd.c.obj
 .rodata.i2c_set_baudrate.str1.4
                0x10008adc       0x53 CMakeFiles/pcf8575test.dir/F_/PICO/pico-sdk/src/rp2_common/hardware_i2c/i2c.c.obj
 *fill*         0x10008b2f        0x1 
 .rodata.__func__.0
                0x10008b30       0x11 CMakeFiles/pcf8575test.dir/F_/PICO/pico-sdk/src/rp2_common/hardware_i2c/i2c.c.obj
 *fill*         0x10008b41        0x3 
 .rodata.PCF8575_set_value.str1.4
                0x10008b44       0x3b PCF8575/libPCF8575.a(PCF8575.c.obj)
 *fill*         0x10008b7f        0x1 
 .rodata.PCF8575_SEND_VALUE.str1.4
                0x10008b80       0x35 PCF8575/libPCF8575.a(PCF8575.c.obj)
                0x10008bb8                . = ALIGN (0x4)
 *fill*         0x10008bb5        0x3 
 *(SORT_BY_ALIGNMENT(SORT_BY_NAME(.flashdata*)))
                0x10008bb8                . = ALIGN (0x4)

.ARM.extab
 *(.ARM.extab* .gnu.linkonce.armextab.*)
                0x10008bb8                __exidx_start = .

.ARM.exidx
 *(.ARM.exidx* .gnu.linkonce.armexidx.*)
                0x10008bb8                __exidx_end = .
                0x10008bb8                . = ALIGN (0x4)
                0x10008bb8                __binary_info_start = .

.binary_info    0x10008bb8       0x20
 *(.binary_info.keep.*)
 .binary_info.keep.__bi_ptr22
                0x10008bb8        0x4 CMakeFiles/pcf8575test.dir/F_/PICO/pico-sdk/src/rp2_common/pico_standard_link/binary_info.c.obj
 .binary_info.keep.__bi_ptr30
                0x10008bbc        0x4 CMakeFiles/pcf8575test.dir/F_/PICO/pico-sdk/src/rp2_common/pico_standard_link/binary_info.c.obj
 .binary_info.keep.__bi_ptr38
                0x10008bc0        0x4 CMakeFiles/pcf8575test.dir/F_/PICO/pico-sdk/src/rp2_common/pico_standard_link/binary_info.c.obj
 .binary_info.keep.__bi_ptr44
                0x10008bc4        0x4 CMakeFiles/pcf8575test.dir/F_/PICO/pico-sdk/src/rp2_common/pico_standard_link/binary_info.c.obj
 .binary_info.keep.__bi_ptr50
                0x10008bc8        0x4 CMakeFiles/pcf8575test.dir/F_/PICO/pico-sdk/src/rp2_common/pico_standard_link/binary_info.c.obj
 .binary_info.keep.__bi_ptr75
                0x10008bcc        0x4 CMakeFiles/pcf8575test.dir/F_/PICO/pico-sdk/src/rp2_common/pico_standard_link/binary_info.c.obj
 .binary_info.keep.__bi_ptr81
                0x10008bd0        0x4 CMakeFiles/pcf8575test.dir/F_/PICO/pico-sdk/src/rp2_common/pico_standard_link/binary_info.c.obj
 *(.binary_info.*)
 .binary_info.__bi_ptr182
                0x10008bd4        0x4 CMakeFiles/pcf8575test.dir/F_/PICO/pico-sdk/src/rp2_common/pico_stdio_usb/stdio_usb.c.obj
                0x10008bd8                __binary_info_end = .

.rel.dyn        0x10008bd8        0x0
 .rel.iplt      0x10008bd8        0x0 f:/pico/gcc-arm-none-eabi/bin/../lib/gcc/arm-none-eabi/10.3.1/thumb/v6-m/nofp/crtbegin.o
                0x10008bd8                . = ALIGN (0x4)

.ram_vector_table
                0x20000000       0xc0
 *(.ram_vector_table)
 .ram_vector_table
                0x20000000       0xc0 CMakeFiles/pcf8575test.dir/F_/PICO/pico-sdk/src/rp2_common/pico_runtime/runtime.c.obj
                0x20000000                ram_vector_table

.data           0x200000c0      0xbf8 load address 0x10008bd8
                0x200000c0                __data_start__ = .
 *(vtable)
 *(.time_critical*)
 .time_critical.mutex_try_enter
                0x200000c0       0x46 CMakeFiles/pcf8575test.dir/F_/PICO/pico-sdk/src/common/pico_sync/mutex.c.obj
                0x200000c0                mutex_try_enter
 *fill*         0x20000106        0x2 
 .time_critical.mutex_enter_block_until
                0x20000108       0x8c CMakeFiles/pcf8575test.dir/F_/PICO/pico-sdk/src/common/pico_sync/mutex.c.obj
                0x20000108                mutex_enter_block_until
 .time_critical.mutex_try_enter_block_until
                0x20000194       0x34 CMakeFiles/pcf8575test.dir/F_/PICO/pico-sdk/src/common/pico_sync/mutex.c.obj
                0x20000194                mutex_try_enter_block_until
 .time_critical.mutex_enter_timeout_ms
                0x200001c8       0x68 CMakeFiles/pcf8575test.dir/F_/PICO/pico-sdk/src/common/pico_sync/mutex.c.obj
                0x200001c8                mutex_enter_timeout_ms
 .time_critical.mutex_exit
                0x20000230       0x4c CMakeFiles/pcf8575test.dir/F_/PICO/pico-sdk/src/common/pico_sync/mutex.c.obj
                0x20000230                mutex_exit
 .time_critical.flash_init_boot2_copyout
                0x2000027c       0x30 CMakeFiles/pcf8575test.dir/F_/PICO/pico-sdk/src/rp2_common/hardware_flash/flash.c.obj
 .time_critical.flash_enable_xip_via_boot2
                0x200002ac       0x10 CMakeFiles/pcf8575test.dir/F_/PICO/pico-sdk/src/rp2_common/hardware_flash/flash.c.obj
 .time_critical.flash_cs_force
                0x200002bc       0x28 CMakeFiles/pcf8575test.dir/F_/PICO/pico-sdk/src/rp2_common/hardware_flash/flash.c.obj
 .time_critical.flash_do_cmd
                0x200002e4       0xd8 CMakeFiles/pcf8575test.dir/F_/PICO/pico-sdk/src/rp2_common/hardware_flash/flash.c.obj
                0x200002e4                flash_do_cmd
 .time_critical.reset_non_control_endpoints
                0x200003bc       0x40 CMakeFiles/pcf8575test.dir/F_/PICO/pico-sdk/lib/tinyusb/src/portable/raspberrypi/rp2040/dcd_rp2040.c.obj
 .time_critical.hw_handle_buff_status
                0x200003fc       0xa4 CMakeFiles/pcf8575test.dir/F_/PICO/pico-sdk/lib/tinyusb/src/portable/raspberrypi/rp2040/dcd_rp2040.c.obj
 .time_critical.dcd_rp2040_irq
                0x200004a0      0x1cc CMakeFiles/pcf8575test.dir/F_/PICO/pico-sdk/lib/tinyusb/src/portable/raspberrypi/rp2040/dcd_rp2040.c.obj
 .time_critical.e15_is_bulkin_ep
                0x2000066c       0x2c CMakeFiles/pcf8575test.dir/F_/PICO/pico-sdk/lib/tinyusb/src/portable/raspberrypi/rp2040/rp2040_usb.c.obj
 .time_critical.e15_is_critical_frame_period
                0x20000698       0x30 CMakeFiles/pcf8575test.dir/F_/PICO/pico-sdk/lib/tinyusb/src/portable/raspberrypi/rp2040/rp2040_usb.c.obj
 .time_critical.prepare_ep_buffer
                0x200006c8       0x70 CMakeFiles/pcf8575test.dir/F_/PICO/pico-sdk/lib/tinyusb/src/portable/raspberrypi/rp2040/rp2040_usb.c.obj
 .time_critical.sync_ep_buffer
                0x20000738       0x80 CMakeFiles/pcf8575test.dir/F_/PICO/pico-sdk/lib/tinyusb/src/portable/raspberrypi/rp2040/rp2040_usb.c.obj
 .time_critical._hw_endpoint_xfer_sync
                0x200007b8       0x28 CMakeFiles/pcf8575test.dir/F_/PICO/pico-sdk/lib/tinyusb/src/portable/raspberrypi/rp2040/rp2040_usb.c.obj
 .time_critical.hw_endpoint_reset_transfer
                0x200007e0        0xc CMakeFiles/pcf8575test.dir/F_/PICO/pico-sdk/lib/tinyusb/src/portable/raspberrypi/rp2040/rp2040_usb.c.obj
                0x200007e0                hw_endpoint_reset_transfer
 .time_critical._hw_endpoint_buffer_control_update32
                0x200007ec       0x58 CMakeFiles/pcf8575test.dir/F_/PICO/pico-sdk/lib/tinyusb/src/portable/raspberrypi/rp2040/rp2040_usb.c.obj
                0x200007ec                _hw_endpoint_buffer_control_update32
 .time_critical.hw_endpoint_start_next_buffer
                0x20000844       0x88 CMakeFiles/pcf8575test.dir/F_/PICO/pico-sdk/lib/tinyusb/src/portable/raspberrypi/rp2040/rp2040_usb.c.obj
                0x20000844                hw_endpoint_start_next_buffer
 .time_critical.hw_endpoint_xfer_continue
                0x200008cc       0x50 CMakeFiles/pcf8575test.dir/F_/PICO/pico-sdk/lib/tinyusb/src/portable/raspberrypi/rp2040/rp2040_usb.c.obj
                0x200008cc                hw_endpoint_xfer_continue
 .time_critical.tinyusb
                0x2000091c      0x200 CMakeFiles/pcf8575test.dir/F_/PICO/pico-sdk/lib/tinyusb/src/device/usbd.c.obj
                0x2000091c                dcd_event_handler
 *(.text*)
 .text          0x20000b1c        0x4 f:/pico/gcc-arm-none-eabi/bin/../lib/gcc/arm-none-eabi/10.3.1/thumb/v6-m/nofp\libgcc.a(_dvmd_tls.o)
                0x20000b1c                __aeabi_idiv0
                0x20000b1c                __aeabi_ldiv0
 .text.__stub   0x20000b20       0x90 linker stubs
                0x20000bb0                . = ALIGN (0x4)
 *(.rodata*)
                0x20000bb0                . = ALIGN (0x4)
 *(.data*)
 .data.striped_spin_lock_num
                0x20000bb0        0x1 CMakeFiles/pcf8575test.dir/F_/PICO/pico-sdk/src/rp2_common/hardware_sync/sync.c.obj
 *fill*         0x20000bb1        0x3 
 .data          0x20000bb4       0x48 CMakeFiles/pcf8575test.dir/F_/PICO/pico-sdk/src/rp2_common/hardware_irq/irq_handler_chain.S.obj
                0x20000bb4                irq_handler_chain_slots
                0x20000be4                irq_handler_chain_first_slot
                0x20000bee                irq_handler_chain_remove_tail
 .data.default_alarm_pool
                0x20000bfc       0x18 CMakeFiles/pcf8575test.dir/F_/PICO/pico-sdk/src/common/pico_time/time.c.obj
 .data.default_alarm_pool_heap
                0x20000c14       0x10 CMakeFiles/pcf8575test.dir/F_/PICO/pico-sdk/src/common/pico_time/time.c.obj
 *fill*         0x20000c24        0xc 
 .data.aeabi_bits_funcs
                0x20000c30       0x10 CMakeFiles/pcf8575test.dir/F_/PICO/pico-sdk/src/rp2_common/pico_bit_ops/bit_ops_aeabi.S.obj
                0x20000c30                aeabi_bits_funcs
                0x20000c40                aeabi_bits_funcs_end
 .data.aeabi_mem_funcs
                0x20000c40       0x10 CMakeFiles/pcf8575test.dir/F_/PICO/pico-sdk/src/rp2_common/pico_mem_ops/mem_ops_aeabi.S.obj
                0x20000c40                aeabi_mem_funcs
                0x20000c50                aeabi_mem_funcs_end
 .data.stdio_usb
                0x20000c50       0x18 CMakeFiles/pcf8575test.dir/F_/PICO/pico-sdk/src/rp2_common/pico_stdio_usb/stdio_usb.c.obj
                0x20000c50                stdio_usb
 .data.ep_dir_string
                0x20000c68        0x8 CMakeFiles/pcf8575test.dir/F_/PICO/pico-sdk/lib/tinyusb/src/portable/raspberrypi/rp2040/rp2040_usb.c.obj
                0x20000c68                ep_dir_string
 .data._usbd_qdef
                0x20000c70       0x1c CMakeFiles/pcf8575test.dir/F_/PICO/pico-sdk/lib/tinyusb/src/device/usbd.c.obj
                0x20000c70                _usbd_qdef
 .data._usbd_rhport
                0x20000c8c        0x1 CMakeFiles/pcf8575test.dir/F_/PICO/pico-sdk/lib/tinyusb/src/device/usbd.c.obj
 *fill*         0x20000c8d        0x3 
 .data.i2c0_inst
                0x20000c90        0x8 CMakeFiles/pcf8575test.dir/F_/PICO/pico-sdk/src/rp2_common/hardware_i2c/i2c.c.obj
                0x20000c90                i2c0_inst
                0x20000c98                . = ALIGN (0x4)
 *(.after_data.*)
                0x20000c98                . = ALIGN (0x4)
                0x20000c98                PROVIDE (__mutex_array_start = .)
 *(SORT_BY_NAME(.mutex_array.*))
 *(.mutex_array)
 .mutex_array   0x20000c98        0x8 CMakeFiles/pcf8575test.dir/F_/PICO/pico-sdk/src/rp2_common/pico_stdio/stdio.c.obj
                0x20000ca0                PROVIDE (__mutex_array_end = .)
                0x20000ca0                . = ALIGN (0x4)
                0x20000ca0                PROVIDE (__preinit_array_start = .)
 *(SORT_BY_NAME(.preinit_array.*))
 .preinit_array.00001
                0x20000ca0        0x4 CMakeFiles/pcf8575test.dir/F_/PICO/pico-sdk/src/rp2_common/pico_mem_ops/mem_ops_aeabi.S.obj
 .preinit_array.00010
                0x20000ca4        0x4 CMakeFiles/pcf8575test.dir/F_/PICO/pico-sdk/src/rp2_common/pico_bit_ops/bit_ops_aeabi.S.obj
 .preinit_array.00020
                0x20000ca8        0x4 CMakeFiles/pcf8575test.dir/F_/PICO/pico-sdk/src/rp2_common/pico_double/double_aeabi.S.obj
 .preinit_array.00020
                0x20000cac        0x4 CMakeFiles/pcf8575test.dir/F_/PICO/pico-sdk/src/rp2_common/pico_float/float_aeabi.S.obj
 *(.preinit_array)
                0x20000cb0                PROVIDE (__preinit_array_end = .)
                0x20000cb0                . = ALIGN (0x4)
                0x20000cb0                PROVIDE (__init_array_start = .)
 *(SORT_BY_NAME(.init_array.*))
 *(.init_array)
 .init_array    0x20000cb0        0x4 f:/pico/gcc-arm-none-eabi/bin/../lib/gcc/arm-none-eabi/10.3.1/thumb/v6-m/nofp/crtbegin.o
 .init_array    0x20000cb4        0x4 CMakeFiles/pcf8575test.dir/F_/PICO/pico-sdk/src/rp2_common/pico_unique_id/unique_id.c.obj
                0x20000cb8                PROVIDE (__init_array_end = .)
                0x20000cb8                . = ALIGN (0x4)
                [!provide]                PROVIDE (__fini_array_start = .)
 *(SORT_BY_NAME(.fini_array.*))
 *(.fini_array)
                [!provide]                PROVIDE (__fini_array_end = .)
 *(.jcr)
                0x20000cb8                . = ALIGN (0x4)
                0x20000cb8                __data_end__ = .
                0x10008bd8                __etext = LOADADDR (.data)

.igot.plt       0x20000cb8        0x0 load address 0x100097d0
 .igot.plt      0x20000cb8        0x0 f:/pico/gcc-arm-none-eabi/bin/../lib/gcc/arm-none-eabi/10.3.1/thumb/v6-m/nofp/crtbegin.o

.uninitialized_data
                0x20000cb8        0x0 load address 0x100097d0
                0x20000cb8                . = ALIGN (0x4)
 *(.uninitialized_data*)

.scratch_x      0x20040000        0x0 load address 0x100097d0
                0x20040000                __scratch_x_start__ = .
 *(.scratch_x.*)
                0x20040000                . = ALIGN (0x4)
                0x20040000                __scratch_x_end__ = .
                0x100097d0                __scratch_x_source__ = LOADADDR (.scratch_x)

.scratch_y      0x20041000        0x0 load address 0x100097d0
                0x20041000                __scratch_y_start__ = .
 *(.scratch_y.*)
                0x20041000                . = ALIGN (0x4)
                0x20041000                __scratch_y_end__ = .
                0x100097d0                __scratch_y_source__ = LOADADDR (.scratch_y)

.bss            0x20000cb8      0xd84
                0x20000cb8                . = ALIGN (0x4)
                0x20000cb8                __bss_start__ = .
 *(SORT_BY_ALIGNMENT(SORT_BY_NAME(.bss*)))
 .bss.default_alarm_pool_entries
                0x20000cb8      0x100 CMakeFiles/pcf8575test.dir/F_/PICO/pico-sdk/src/common/pico_time/time.c.obj
 .bss.last_avail_time.2
                0x20000db8        0x8 CMakeFiles/pcf8575test.dir/F_/PICO/pico-sdk/src/rp2_common/pico_stdio_usb/stdio_usb.c.obj
 .bss           0x20000dc0       0x1c f:/pico/gcc-arm-none-eabi/bin/../lib/gcc/arm-none-eabi/10.3.1/thumb/v6-m/nofp/crtbegin.o
 .bss._app_driver
                0x20000ddc        0x4 CMakeFiles/pcf8575test.dir/F_/PICO/pico-sdk/lib/tinyusb/src/device/usbd.c.obj
 .bss._cdcd_itf
                0x20000de0      0x2c8 CMakeFiles/pcf8575test.dir/F_/PICO/pico-sdk/lib/tinyusb/src/class/cdc/cdc_device.c.obj
 .bss._ctrl_xfer
                0x200010a8       0x14 CMakeFiles/pcf8575test.dir/F_/PICO/pico-sdk/lib/tinyusb/src/device/usbd_control.c.obj
 .bss._ubsd_mutexdef
                0x200010bc        0x8 CMakeFiles/pcf8575test.dir/F_/PICO/pico-sdk/lib/tinyusb/src/device/usbd.c.obj
 .bss._usbd_ctrl_buf
                0x200010c4       0x40 CMakeFiles/pcf8575test.dir/F_/PICO/pico-sdk/lib/tinyusb/src/device/usbd_control.c.obj
 .bss._usbd_dev
                0x20001104       0x53 CMakeFiles/pcf8575test.dir/F_/PICO/pico-sdk/lib/tinyusb/src/device/usbd.c.obj
 *fill*         0x20001157        0x1 
 .bss._usbd_mutex
                0x20001158        0x4 CMakeFiles/pcf8575test.dir/F_/PICO/pico-sdk/lib/tinyusb/src/device/usbd.c.obj
 .bss._usbd_q   0x2000115c        0x4 CMakeFiles/pcf8575test.dir/F_/PICO/pico-sdk/lib/tinyusb/src/device/usbd.c.obj
 .bss._usbd_qdef_buf
                0x20001160       0xc0 CMakeFiles/pcf8575test.dir/F_/PICO/pico-sdk/lib/tinyusb/src/device/usbd.c.obj
                0x20001160                _usbd_qdef_buf
 .bss.alarm_callbacks
                0x20001220       0x10 CMakeFiles/pcf8575test.dir/F_/PICO/pico-sdk/src/rp2_common/hardware_timer/timer.c.obj
 .bss.boot2_copyout
                0x20001230      0x100 CMakeFiles/pcf8575test.dir/F_/PICO/pico-sdk/src/rp2_common/hardware_flash/flash.c.obj
 .bss.chars_available_callback
                0x20001330        0x4 CMakeFiles/pcf8575test.dir/F_/PICO/pico-sdk/src/rp2_common/pico_stdio_usb/stdio_usb.c.obj
 .bss.chars_available_param
                0x20001334        0x4 CMakeFiles/pcf8575test.dir/F_/PICO/pico-sdk/src/rp2_common/pico_stdio_usb/stdio_usb.c.obj
 .bss.claimed   0x20001338        0x4 CMakeFiles/pcf8575test.dir/F_/PICO/pico-sdk/src/rp2_common/hardware_sync/sync.c.obj
 .bss.configured_freq
                0x2000133c       0x28 CMakeFiles/pcf8575test.dir/F_/PICO/pico-sdk/src/rp2_common/hardware_clocks/clocks.c.obj
 .bss.default_alarm_pool_entry_ids_high
                0x20001364       0x10 CMakeFiles/pcf8575test.dir/F_/PICO/pico-sdk/src/common/pico_time/time.c.obj
 .bss.default_alarm_pool_heap_nodes
                0x20001374       0x30 CMakeFiles/pcf8575test.dir/F_/PICO/pico-sdk/src/common/pico_time/time.c.obj
 .bss.desc_str.0
                0x200013a4       0x28 CMakeFiles/pcf8575test.dir/F_/PICO/pico-sdk/src/rp2_common/pico_stdio_usb/stdio_usb_descriptors.c.obj
 .bss.drivers   0x200013cc        0x4 CMakeFiles/pcf8575test.dir/F_/PICO/pico-sdk/src/rp2_common/pico_stdio/stdio.c.obj
 .bss.e15_last_sof
                0x200013d0        0x4 CMakeFiles/pcf8575test.dir/F_/PICO/pico-sdk/lib/tinyusb/src/portable/raspberrypi/rp2040/rp2040_usb.c.obj
                0x200013d0                e15_last_sof
 .bss.filter    0x200013d4        0x4 CMakeFiles/pcf8575test.dir/F_/PICO/pico-sdk/src/rp2_common/pico_stdio/stdio.c.obj
 .bss.hw_endpoints
                0x200013d8      0x400 CMakeFiles/pcf8575test.dir/F_/PICO/pico-sdk/lib/tinyusb/src/portable/raspberrypi/rp2040/dcd_rp2040.c.obj
 .bss.load_value
                0x200017d8        0x4 CMakeFiles/pcf8575test.dir/F_/PICO/pico-sdk/src/rp2_common/hardware_watchdog/watchdog.c.obj
 .bss.next_buffer_ptr
                0x200017dc        0x4 CMakeFiles/pcf8575test.dir/F_/PICO/pico-sdk/lib/tinyusb/src/portable/raspberrypi/rp2040/dcd_rp2040.c.obj
 .bss.one_shot_timer_crit_sec